
> signs-app@1.0.0 test
> jest

node.exe : PASS src/features/dashboard/component/dashboard.test.tsx (7.96 s)
At C:\Program Files\nodejs\npm.ps1:29 char:3
+   & $NODE_EXE $NPM_CLI_JS $args
+   ~~~~~~~~~~~~~~~~~~~~~~~~~~~~~
    + CategoryInfo          : NotSpecified: (PASS src/featur...st.tsx (7.96 s) 
   :String) [], RemoteException
    + FullyQualifiedErrorId : NativeCommandError
 
  ΓùÅ Console

    console.warn
      MUI: You have provided an out-of-range value `Tray1` for the select 
component.
      Consider providing a value that matches one of the available options or 
''.
      The available values are "".

    [0m [90m 71 |[39m
     [90m 72 |[39m     [90m// Act[39m
    [31m[1m>[22m[39m[90m 73 |[39m     
render([33m<[39m[33mDashboardScreen[39m [33m/[39m[33m>[39m)[33m;[39m
     [90m    |[39m           [31m[1m^[22m[39m
     [90m 74 |[39m
     [90m 75 |[39m     [90m// Assert[39m
     [90m 76 |[39m     expect(screen[33m.[39mgetByText([32m"worklistSummar
y.heading"[39m))[33m.[39mtoBeInTheDocument()[33m;[39m[0m

      at node_modules/@mui/material/node/Select/SelectInput.js:400:17
      at commitHookEffectListMount 
(node_modules/react-dom/cjs/react-dom.development.js:23189:26)
      at commitPassiveMountOnFiber 
(node_modules/react-dom/cjs/react-dom.development.js:24970:11)
      at commitPassiveMountEffects_complete 
(node_modules/react-dom/cjs/react-dom.development.js:24930:9)
      at commitPassiveMountEffects_begin 
(node_modules/react-dom/cjs/react-dom.development.js:24917:7)
      at commitPassiveMountEffects 
(node_modules/react-dom/cjs/react-dom.development.js:24905:3)
      at flushPassiveEffectsImpl 
(node_modules/react-dom/cjs/react-dom.development.js:27078:3)
      at flushPassiveEffects 
(node_modules/react-dom/cjs/react-dom.development.js:27023:14)
      at performSyncWorkOnRoot 
(node_modules/react-dom/cjs/react-dom.development.js:26115:3)
      at flushSyncCallbacks 
(node_modules/react-dom/cjs/react-dom.development.js:12042:22)
      at commitRootImpl 
(node_modules/react-dom/cjs/react-dom.development.js:26998:3)
      at commitRoot 
(node_modules/react-dom/cjs/react-dom.development.js:26721:5)
      at finishConcurrentRender 
(node_modules/react-dom/cjs/react-dom.development.js:26020:9)
      at performConcurrentWorkOnRoot 
(node_modules/react-dom/cjs/react-dom.development.js:25848:7)
      at flushActQueue (node_modules/react/cjs/react.development.js:2667:24)
      at act (node_modules/react/cjs/react.development.js:2582:11)
      at node_modules/@testing-library/react/dist/act-compat.js:46:25
      at renderRoot (node_modules/@testing-library/react/dist/pure.js:189:26)
      at render (node_modules/@testing-library/react/dist/pure.js:291:10)
      at Object.<anonymous> 
(src/features/dashboard/component/dashboard.test.tsx:73:11)

    console.warn
      MUI: You have provided an out-of-range value `Tray1` for the select 
component.
      Consider providing a value that matches one of the available options or 
''.
      The available values are "".

    [0m [90m 71 |[39m
     [90m 72 |[39m     [90m// Act[39m
    [31m[1m>[22m[39m[90m 73 |[39m     
render([33m<[39m[33mDashboardScreen[39m [33m/[39m[33m>[39m)[33m;[39m
     [90m    |[39m           [31m[1m^[22m[39m
     [90m 74 |[39m
     [90m 75 |[39m     [90m// Assert[39m
     [90m 76 |[39m     expect(screen[33m.[39mgetByText([32m"worklistSummar
y.heading"[39m))[33m.[39mtoBeInTheDocument()[33m;[39m[0m

      at node_modules/@mui/material/node/Select/SelectInput.js:400:17
      at commitHookEffectListMount 
(node_modules/react-dom/cjs/react-dom.development.js:23189:26)
      at commitPassiveMountOnFiber 
(node_modules/react-dom/cjs/react-dom.development.js:24970:11)
      at commitPassiveMountEffects_complete 
(node_modules/react-dom/cjs/react-dom.development.js:24930:9)
      at commitPassiveMountEffects_begin 
(node_modules/react-dom/cjs/react-dom.development.js:24917:7)
      at commitPassiveMountEffects 
(node_modules/react-dom/cjs/react-dom.development.js:24905:3)
      at flushPassiveEffectsImpl 
(node_modules/react-dom/cjs/react-dom.development.js:27078:3)
      at flushPassiveEffects 
(node_modules/react-dom/cjs/react-dom.development.js:27023:14)
      at commitRootImpl 
(node_modules/react-dom/cjs/react-dom.development.js:26974:5)
      at commitRoot 
(node_modules/react-dom/cjs/react-dom.development.js:26721:5)
      at performSyncWorkOnRoot 
(node_modules/react-dom/cjs/react-dom.development.js:26156:3)
      at flushSyncCallbacks 
(node_modules/react-dom/cjs/react-dom.development.js:12042:22)
      at commitRootImpl 
(node_modules/react-dom/cjs/react-dom.development.js:26998:3)
      at commitRoot 
(node_modules/react-dom/cjs/react-dom.development.js:26721:5)
      at finishConcurrentRender 
(node_modules/react-dom/cjs/react-dom.development.js:26020:9)
      at performConcurrentWorkOnRoot 
(node_modules/react-dom/cjs/react-dom.development.js:25848:7)
      at flushActQueue (node_modules/react/cjs/react.development.js:2667:24)
      at act (node_modules/react/cjs/react.development.js:2582:11)
      at node_modules/@testing-library/react/dist/act-compat.js:46:25
      at renderRoot (node_modules/@testing-library/react/dist/pure.js:189:26)
      at render (node_modules/@testing-library/react/dist/pure.js:291:10)
      at Object.<anonymous> 
(src/features/dashboard/component/dashboard.test.tsx:73:11)

    console.warn
      MUI: You have provided an out-of-range value `Tray1` for the select 
component.
      Consider providing a value that matches one of the available options or 
''.
      The available values are "".

    [0m [90m 71 |[39m
     [90m 72 |[39m     [90m// Act[39m
    [31m[1m>[22m[39m[90m 73 |[39m     
render([33m<[39m[33mDashboardScreen[39m [33m/[39m[33m>[39m)[33m;[39m
     [90m    |[39m           [31m[1m^[22m[39m
     [90m 74 |[39m
     [90m 75 |[39m     [90m// Assert[39m
     [90m 76 |[39m     expect(screen[33m.[39mgetByText([32m"worklistSummar
y.heading"[39m))[33m.[39mtoBeInTheDocument()[33m;[39m[0m

      at node_modules/@mui/material/node/Select/SelectInput.js:400:17
      at commitHookEffectListMount 
(node_modules/react-dom/cjs/react-dom.development.js:23189:26)
      at commitPassiveMountOnFiber 
(node_modules/react-dom/cjs/react-dom.development.js:24970:11)
      at commitPassiveMountEffects_complete 
(node_modules/react-dom/cjs/react-dom.development.js:24930:9)
      at commitPassiveMountEffects_begin 
(node_modules/react-dom/cjs/react-dom.development.js:24917:7)
      at commitPassiveMountEffects 
(node_modules/react-dom/cjs/react-dom.development.js:24905:3)
      at flushPassiveEffectsImpl 
(node_modules/react-dom/cjs/react-dom.development.js:27078:3)
      at flushPassiveEffects 
(node_modules/react-dom/cjs/react-dom.development.js:27023:14)
      at performSyncWorkOnRoot 
(node_modules/react-dom/cjs/react-dom.development.js:26115:3)
      at flushSyncCallbacks 
(node_modules/react-dom/cjs/react-dom.development.js:12042:22)
      at commitRootImpl 
(node_modules/react-dom/cjs/react-dom.development.js:26998:3)
      at commitRoot 
(node_modules/react-dom/cjs/react-dom.development.js:26721:5)
      at finishConcurrentRender 
(node_modules/react-dom/cjs/react-dom.development.js:26020:9)
      at performConcurrentWorkOnRoot 
(node_modules/react-dom/cjs/react-dom.development.js:25848:7)
      at flushActQueue (node_modules/react/cjs/react.development.js:2667:24)
      at act (node_modules/react/cjs/react.development.js:2582:11)
      at node_modules/@testing-library/react/dist/act-compat.js:46:25
      at renderRoot (node_modules/@testing-library/react/dist/pure.js:189:26)
      at render (node_modules/@testing-library/react/dist/pure.js:291:10)
      at Object.<anonymous> 
(src/features/dashboard/component/dashboard.test.tsx:73:11)

FAIL src/features/quick-print/component/quickPrint.test.tsx (8.045 s)
  ΓùÅ Console

    console.warn
      react-i18next:: useTranslation: You will need to pass in an i18next 
instance by using initReactI18next { code: 'NO_I18NEXT_INSTANCE' }

    [0m [90m  6 |[39m
     [90m  7 |[39m [36mfunction[39m 
[33mQuickPrintScreen[39m()[33m:[39m 
[33mJSX[39m[33m.[39m[33mElement[39m {
    [31m[1m>[22m[39m[90m  8 |[39m   [36mconst[39m { t } [33m=[39m 
useTranslation([32m"signs"[39m)[33m;[39m
     [90m    |[39m                               [31m[1m^[22m[39m
     [90m  9 |[39m   [36mconst[39m [active[33m,[39m setActive] 
[33m=[39m useState([32m"item"[39m)[33m;[39m
     [90m 10 |[39m
     [90m 11 |[39m   [36mreturn[39m ([0m

      at warn (node_modules/react-i18next/dist/commonjs/utils.js:19:13)
      at warnOnce (node_modules/react-i18next/dist/commonjs/utils.js:27:3)
      at useTranslation 
(node_modules/react-i18next/dist/commonjs/useTranslation.js:37:25)
      at QuickPrintScreen 
(src/features/quick-print/component/quickPrint.tsx:8:31)
      at renderWithHooks 
(node_modules/react-dom/cjs/react-dom.development.js:15486:18)
      at mountIndeterminateComponent 
(node_modules/react-dom/cjs/react-dom.development.js:20103:13)
      at beginWork 
(node_modules/react-dom/cjs/react-dom.development.js:21626:16)
      at beginWork$1 
(node_modules/react-dom/cjs/react-dom.development.js:27465:14)
      at performUnitOfWork 
(node_modules/react-dom/cjs/react-dom.development.js:26599:12)
      at workLoopSync 
(node_modules/react-dom/cjs/react-dom.development.js:26505:5)
      at renderRootSync 
(node_modules/react-dom/cjs/react-dom.development.js:26473:7)
      at performConcurrentWorkOnRoot 
(node_modules/react-dom/cjs/react-dom.development.js:25777:74)
      at flushActQueue (node_modules/react/cjs/react.development.js:2667:24)
      at act (node_modules/react/cjs/react.development.js:2582:11)
      at node_modules/@testing-library/react/dist/act-compat.js:46:25
      at renderRoot (node_modules/@testing-library/react/dist/pure.js:189:26)
      at render (node_modules/@testing-library/react/dist/pure.js:291:10)
      at Object.<anonymous> 
(src/features/quick-print/component/quickPrint.test.tsx:10:11)

  ΓùÅ QuickPrintScreen ΓÇ║ renders quick print title

    TestingLibraryElementError: Unable to find an element with the text: Signs 
Dashboard - Quick Sign Print. This could be because the text is broken up by 
multiple elements. In this case, you can provide a function for your text 
matcher to make your matcher more flexible.

    Ignored nodes: comments, script, style
    [36m<body>[39m
      [36m<div>[39m
        [36m<div[39m
          [33mclass[39m=[32m"contentWrap"[39m
        [36m>[39m
          [36m<div[39m
            [33mclass[39m=[32m"topContentBar"[39m
          [36m>[39m
            [36m<div[39m
              [33mclass[39m=[32m"topTitle"[39m
            [36m>[39m
              [36m<h2>[39m
                [0mquickPrint.screenTitle[0m
              [36m</h2>[39m
            [36m</div>[39m
            [36m<div[39m
              [33mclass[39m=[32m"actionWrap"[39m
            [36m>[39m
              [36m<ul>[39m
                [36m<li>[39m
                  [36m<div[39m
                    [33mclass[39m=[32m"d-flex flex-align-center 
lastUpdated"[39m
                  [36m>[39m
                    [36m<i>[39m
                      [36m<svg[39m
                        [33mfill[39m=[32m"none"[39m
                        [33mheight[39m=[32m"17"[39m
                        [33mviewBox[39m=[32m"0 0 17 17"[39m
                        [33mwidth[39m=[32m"17"[39m
                        [33mxmlns[39m=[32m"http://www.w3.org/2000/svg"[39m
                      [36m>[39m
                        [36m<path[39m
                          [33md[39m=[32m"M14.2083 2.44792C12.6979 0.9375 
10.625 0 8.32292 0C3.71875 0 0 3.72917 0 8.33333C0 12.9375 3.71875 16.6667 
8.32292 16.6667C12.2083 16.6667 15.4479 14.0104 16.375 10.4167H14.2083C13.3542 
12.8437 11.0417 14.5833 8.32292 14.5833C4.875 14.5833 2.07292 11.7812 2.07292 
8.33333C2.07292 4.88542 4.875 2.08333 8.32292 2.08333C10.0521 2.08333 11.5937 
2.80208 12.7187 3.9375L9.36458 7.29167H16.6562V0L14.2083 2.44792Z"[39m
                          [33mfill[39m=[32m"#79747E"[39m
                        [36m/>[39m
                      [36m</svg>[39m
                    [36m</i>[39m
                    [36m<p>[39m
                      [0mUpdated 10:31 am[0m
                    [36m</p>[39m
                  [36m</div>[39m
                [36m</li>[39m
                [36m<li>[39m
                  [36m<i>[39m
                    [36m<svg[39m
                      [33mfill[39m=[32m"none"[39m
                      [33mheight[39m=[32m"2"[39m
                      [33mviewBox[39m=[32m"0 0 16 2"[39m
                      [33mwidth[39m=[32m"16"[39m
                      [33mxmlns[39m=[32m"http://www.w3.org/2000/svg"[39m
                    [36m>[39m
                      [36m<path[39m
                        [33md[39m=[32m"M16 0H0V2H16V0Z"[39m
                        [33mfill[39m=[32m"#79747E"[39m
                      [36m/>[39m
                    [36m</svg>[39m
                  [36m</i>[39m
                [36m</li>[39m
                [36m<li>[39m
                  [36m<i>[39m
                    [36m<svg[39m
                      [33mfill[39m=[32m"none"[39m
                      [33mheight[39m=[32m"15"[39m
                      [33mviewBox[39m=[32m"0 0 15 15"[39m
                      [33mwidth[39m=[32m"15"[39m
                      [33mxmlns[39m=[32m"http://www.w3.org/2000/svg"[39m
                    [36m>[39m
                      [36m<path[39m
                        [33md[39m=[32m"M15 6.66667V0H8.33333L11.075 
2.74167L2.74167 11.075L0 8.33333V15H6.66667L3.925 12.2583L12.2583 3.925L15 
6.66667Z"[39m
                        [33mfill[39m=[32m"#79747E"[39m
                      [36m/>[39m
                    [36m</svg>[39m
                  [36m</i>[39m
                [36m</li>[39m
                [36m<li>[39m
                  [36m<i>[39m
                    [36m<svg[39m
                      [33mfill[39m=[32m"none"[39m
                      [33mheight[39m=[32m"14"[39m
                      [33mviewBox[39m=[32m"0 0 14 14"[39m
                      [33mwidth[39m=[32m"14"[39m
                      [33mxmlns[39m=[32m"http://www.w3.org/2000/svg"[39m
                    [36m>[39m
                      [36m<path[39m
                        [33md[39m=[32m"M14 1.41L12.59 0L7 5.59L1.41 0L0 
1.41L5.59 7L0 12.59L1.41 14L7 8.41L12.59 14L14 12.59L8.41 7L14 1.41Z"[39m
                        [33mfill[39m=[32m"#79747E"[39m
                      [36m/>[39m
                    [36m</svg>[39m
                  [36m</i>[39m
                [36m</li>[39m
              [36m</ul>[39m
            [36m</div>[39m
          [36m</div>[39m
          [36m<div[39m
            [33mclass[39m=[32m"section"[39m
          [36m>[39m
            [36m<div[39m
              [33mclass[39m=[32m"groupBox"[39m
            [36m>[39m
              [36m<div[39m
                [33mclass[39m=[32m"groupBoxHeader"[39m
              [36m>[39m
                [36m<div[39m
                  [33mclass[39m=[32m"subTitle"[39m
                [36m>[39m
                  [36m<h3>[39m
                    [0mquickPrint.groupTitle[0m
                  [36m</h3>[39m
                [36m</div>[39m
              [36m</div>[39m
              [36m<div[39m
                [33mclass[39m=[32m"tabsHeading"[39m
              [36m>[39m
                [36m<ul>[39m
                  [36m<li>[39m
                    [36m<button[39m
                      [33mclass[39m=[32m"tab active"[39m
                    [36m>[39m
                      [0mquickPrint.tabs.byItem[0m
                    [36m</button>[39m
                  [36m</li>[39m
                  [36m<li>[39m
                    [36m<button[39m
                      [33mclass[39m=[32m"tab "[39m
                    [36m>[39m
                      [0mquickPrint.tabs.byDept[0m
                    [36m</button>[39m
                  [36m</li>[39m
                [36m</ul>[39m
              [36m</div>[39m
              [36m<div[39m
                [33mclass[39m=[32m"tabsContent"[39m
              [36m>[39m
                [36m<div[39m
                  [33mclass[39m=[32m"animateContent"[39m
                [36m>[39m
                  [36m<div[39m
                    [33mclass[39m=[32m"quickPrintItem"[39m
                  [36m>[39m
                    [36m<div[39m
                      [33mclass[39m=[32m"selectItem"[39m
                    [36m>[39m
                      [36m<ul>[39m
                        [36m<li>[39m
                          [36m<div[39m
                            [33mclass[39m=[32m"inputLabelWrap"[39m
                          [36m>[39m
                            [36m<label[39m
                              [33mclass[39m=[32m"label"[39m
                            [36m>[39m
                              [0mquickPrint.form.size[0m
                              [36m<span[39m
                                [33mclass[39m=[32m"mandatoryStar"[39m
                              [36m>[39m
                                [0m*[0m
                              [36m</span>[39m
                            [36m</label>[39m
                            [36m<div[39m
                              [33mclass[39m=[32m"MuiFormControl-root 
MuiFormControl-fullWidth css-ytlejw-MuiFormControl-root"[39m
                            [36m>[39m
                              [36m<div[39m
                                [33mclass[39m=[32m"MuiInputBase-root 
MuiOutlinedInput-root MuiInputBase-colorPrimary MuiInputBase-formControl 
MuiInputBase-sizeSmall MuiSelect-root 
css-1jgjaug-MuiInputBase-root-MuiOutlinedInput-root-MuiSelect-root"[39m
                        ...

    [0m [90m 11 |[39m
     [90m 12 |[39m     [90m// Assert[39m
    [31m[1m>[22m[39m[90m 13 |[39m     
expect(screen[33m.[39mgetByText([32m"Signs Dashboard - Quick Sign 
Print"[39m))[33m.[39mtoBeInTheDocument()[33m;[39m
     [90m    |[39m                   [31m[1m^[22m[39m
     [90m 14 |[39m   })[33m;[39m
     [90m 15 |[39m })[33m;[39m
     [90m 16 |[39m[0m

      at Object.getElementError 
(node_modules/@testing-library/dom/dist/config.js:37:19)
      at node_modules/@testing-library/dom/dist/query-helpers.js:76:38
      at node_modules/@testing-library/dom/dist/query-helpers.js:52:17
      at node_modules/@testing-library/dom/dist/query-helpers.js:95:19
      at Object.getByText 
(src/features/quick-print/component/quickPrint.test.tsx:13:19)

FAIL src/features/quick-print/component/print-by-dept/PrintByDept.test.tsx 
(8.118 s)
  ΓùÅ Console

    console.warn
      react-i18next:: useTranslation: You will need to pass in an i18next 
instance by using initReactI18next { code: 'NO_I18NEXT_INSTANCE' }

    [0m [90m  7 |[39m
     [90m  8 |[39m [36mfunction[39m [33mPrintByDept[39m()[33m:[39m 
[33mJSX[39m[33m.[39m[33mElement[39m {
    [31m[1m>[22m[39m[90m  9 |[39m   [36mconst[39m { t } [33m=[39m 
useTranslation([32m"signs"[39m)[33m;[39m
     [90m    |[39m                               [31m[1m^[22m[39m
     [90m 10 |[39m   [36mconst[39m [deptNumber[33m,[39m setDeptNumber] 
[33m=[39m 
useState[33m<[39m[33mstring[39m[33m>[39m([32m""[39m)[33m;[39m
     [90m 11 |[39m   [36mconst[39m [catCode[33m,[39m setCatCode] 
[33m=[39m 
useState[33m<[39m[33mstring[39m[33m>[39m([32m""[39m)[33m;[39m
     [90m 12 |[39m   [36mconst[39m [deptQuantity[33m,[39m 
setDeptQuantity] [33m=[39m 
useState[33m<[39m[33mstring[39m[33m>[39m([32m""[39m)[33m;[39m[0m

      at warn (node_modules/react-i18next/dist/commonjs/utils.js:19:13)
      at warnOnce (node_modules/react-i18next/dist/commonjs/utils.js:27:3)
      at useTranslation 
(node_modules/react-i18next/dist/commonjs/useTranslation.js:37:25)
      at PrintByDept 
(src/features/quick-print/component/print-by-dept/PrintByDept.tsx:9:31)
      at renderWithHooks 
(node_modules/react-dom/cjs/react-dom.development.js:15486:18)
      at mountIndeterminateComponent 
(node_modules/react-dom/cjs/react-dom.development.js:20103:13)
      at beginWork 
(node_modules/react-dom/cjs/react-dom.development.js:21626:16)
      at beginWork$1 
(node_modules/react-dom/cjs/react-dom.development.js:27465:14)
      at performUnitOfWork 
(node_modules/react-dom/cjs/react-dom.development.js:26599:12)
      at workLoopSync 
(node_modules/react-dom/cjs/react-dom.development.js:26505:5)
      at renderRootSync 
(node_modules/react-dom/cjs/react-dom.development.js:26473:7)
      at performConcurrentWorkOnRoot 
(node_modules/react-dom/cjs/react-dom.development.js:25777:74)
      at flushActQueue (node_modules/react/cjs/react.development.js:2667:24)
      at act (node_modules/react/cjs/react.development.js:2582:11)
      at node_modules/@testing-library/react/dist/act-compat.js:46:25
      at renderRoot (node_modules/@testing-library/react/dist/pure.js:189:26)
      at render (node_modules/@testing-library/react/dist/pure.js:291:10)
      at Object.<anonymous> 
(src/features/quick-print/component/print-by-dept/PrintByDept.test.tsx:7:11)

  ΓùÅ PrintByDept ΓÇ║ renders department, category, quantity, and size fields

    TestingLibraryElementError: Unable to find an element with the placeholder 
text of: Enter Department #

    Ignored nodes: comments, script, style
    [36m<body>[39m
      [36m<div>[39m
        [36m<div[39m
          [33mclass[39m=[32m"deptCategory"[39m
        [36m>[39m
          [36m<div[39m
            [33mclass[39m=[32m"selectDeptCategory"[39m
          [36m>[39m
            [36m<ul>[39m
              [36m<li>[39m
                [36m<div[39m
                  [33mclass[39m=[32m"inputLabelWrap"[39m
                [36m>[39m
                  [36m<label[39m
                    [33mclass[39m=[32m"label"[39m
                  [36m>[39m
                    [0mquickPrint.form.department[0m
                    [36m<span[39m
                      [33mclass[39m=[32m"mandatoryStar"[39m
                    [36m>[39m
                      [0m*[0m
                    [36m</span>[39m
                  [36m</label>[39m
                  [36m<div[39m
                    [33mclass[39m=[32m"MuiFormControl-root 
MuiFormControl-fullWidth MuiTextField-root 
css-cmpglg-MuiFormControl-root-MuiTextField-root"[39m
                  [36m>[39m
                    [36m<div[39m
                      [33mclass[39m=[32m"MuiInputBase-root 
MuiOutlinedInput-root MuiInputBase-colorPrimary MuiInputBase-fullWidth 
MuiInputBase-formControl MuiInputBase-sizeSmall 
css-109vf2i-MuiInputBase-root-MuiOutlinedInput-root"[39m
                    [36m>[39m
                      [36m<input[39m
                        [33maria-invalid[39m=[32m"false"[39m
                        [33mclass[39m=[32m"MuiInputBase-input 
MuiOutlinedInput-input MuiInputBase-inputSizeSmall 
css-dr49fi-MuiInputBase-input-MuiOutlinedInput-input"[39m
                        [33mid[39m=[32m"dept-number"[39m
                        [33mmaxlength[39m=[32m"4"[39m
                        [33mminlength[39m=[32m"2"[39m
                        
[33mplaceholder[39m=[32m"quickPrint.form.departmentPlaceholder"[39m
                        [33mtype[39m=[32m"text"[39m
                        [33mvalue[39m=[32m""[39m
                      [36m/>[39m
                      [36m<fieldset[39m
                        [33maria-hidden[39m=[32m"true"[39m
                        [33mclass[39m=[32m"MuiOutlinedInput-notchedOutline 
css-18p5xg2-MuiNotchedOutlined-root-MuiOutlinedInput-notchedOutline"[39m
                      [36m>[39m
                        [36m<legend[39m
                          
[33mclass[39m=[32m"css-1nf2c5d-MuiNotchedOutlined-root"[39m
                        [36m>[39m
                          [36m<span[39m
                            [33maria-hidden[39m=[32m"true"[39m
                            [33mclass[39m=[32m"notranslate"[39m
                          [36m>[39m
                            [0mΓÇï[0m
                          [36m</span>[39m
                        [36m</legend>[39m
                      [36m</fieldset>[39m
                    [36m</div>[39m
                  [36m</div>[39m
                [36m</div>[39m
              [36m</li>[39m
              [36m<li>[39m
                [36m<div[39m
                  [33mclass[39m=[32m"inputLabelWrap"[39m
                [36m>[39m
                  [36m<label[39m
                    [33mclass[39m=[32m"label"[39m
                  [36m>[39m
                    [0mquickPrint.form.catCode[0m
                  [36m</label>[39m
                  [36m<div[39m
                    [33mclass[39m=[32m"MuiFormControl-root 
MuiFormControl-fullWidth MuiTextField-root 
css-cmpglg-MuiFormControl-root-MuiTextField-root"[39m
                  [36m>[39m
                    [36m<div[39m
                      [33mclass[39m=[32m"MuiInputBase-root 
MuiOutlinedInput-root MuiInputBase-colorPrimary MuiInputBase-fullWidth 
MuiInputBase-formControl MuiInputBase-sizeSmall 
css-109vf2i-MuiInputBase-root-MuiOutlinedInput-root"[39m
                    [36m>[39m
                      [36m<input[39m
                        [33maria-invalid[39m=[32m"false"[39m
                        [33mclass[39m=[32m"MuiInputBase-input 
MuiOutlinedInput-input MuiInputBase-inputSizeSmall 
css-dr49fi-MuiInputBase-input-MuiOutlinedInput-input"[39m
                        [33mid[39m=[32m"cat-code"[39m
                        [33mmaxlength[39m=[32m"5"[39m
                        [33mminlength[39m=[32m"2"[39m
                        
[33mplaceholder[39m=[32m"quickPrint.form.catCodePlaceholder"[39m
                        [33mtype[39m=[32m"text"[39m
                        [33mvalue[39m=[32m""[39m
                      [36m/>[39m
                      [36m<fieldset[39m
                        [33maria-hidden[39m=[32m"true"[39m
                        [33mclass[39m=[32m"MuiOutlinedInput-notchedOutline 
css-18p5xg2-MuiNotchedOutlined-root-MuiOutlinedInput-notchedOutline"[39m
                      [36m>[39m
                        [36m<legend[39m
                          
[33mclass[39m=[32m"css-1nf2c5d-MuiNotchedOutlined-root"[39m
                        [36m>[39m
                          [36m<span[39m
                            [33maria-hidden[39m=[32m"true"[39m
                            [33mclass[39m=[32m"notranslate"[39m
                          [36m>[39m
                            [0mΓÇï[0m
                          [36m</span>[39m
                        [36m</legend>[39m
                      [36m</fieldset>[39m
                    [36m</div>[39m
                  [36m</div>[39m
                  [36m<span[39m
                    [33mclass[39m=[32m"validationMsg info"[39m
                  [36m>[39m
                    [0mquickPrint.form.leaveBlankForAll[0m
                  [36m</span>[39m
                [36m</div>[39m
              [36m</li>[39m
              [36m<li>[39m
                [36m<div[39m
                  [33mclass[39m=[32m"inputLabelWrap"[39m
                [36m>[39m
                  [36m<label[39m
                    [33mclass[39m=[32m"label"[39m
                  [36m>[39m
                    [0mquickPrint.form.quantity[0m
                  [36m</label>[39m
                  [36m<div[39m
                    [33mclass[39m=[32m"MuiFormControl-root 
MuiFormControl-fullWidth MuiTextField-root 
css-cmpglg-MuiFormControl-root-MuiTextField-root"[39m
                  [36m>[39m
                    [36m<div[39m
                      [33mclass[39m=[32m"MuiInputBase-root 
MuiOutlinedInput-root MuiInputBase-colorPrimary MuiInputBase-fullWidth 
MuiInputBase-formControl MuiInputBase-sizeSmall 
css-109vf2i-MuiInputBase-root-MuiOutlinedInput-root"[39m
                    [36m>[39m
                      [36m<input[39m
                        [33maria-invalid[39m=[32m"false"[39m
                        [33mclass[39m=[32m"MuiInputBase-input 
MuiOutlinedInput-input MuiInputBase-inputSizeSmall 
css-dr49fi-MuiInputBase-input-MuiOutlinedInput-input"[39m
                        [33mid[39m=[32m"dept-quantity"[39m
                        [33mmax[39m=[32m"9999"[39m
                        [33mmaxlength[39m=[32m"4"[39m
                        [33mmin[39m=[32m"1"[39m
                        
[33mplaceholder[39m=[32m"quickPrint.form.quantityPlaceholder"[39m
                        [33mtype[39m=[32m"number"[39m
                        [33mvalue[39m=[32m""[39m
                      [36m/>[39m
                      [36m<fieldset[39m
                        [33maria-hidden[39m=[32m"true"[39m
                        [33mclass[39m=[32m"MuiOutlinedInput-notchedOutline 
css-18p5xg2-MuiNotchedOutlined-root-MuiOutlinedInput-notchedOutline"[39m
                      [36m>[39m
                        [36m<legend[39m
                          
[33mclass[39m=[32m"css-1nf2c5d-MuiNotchedOutlined-root"[39m
                        [36m>[39m
                          [36m<span[39m
                            [33maria-hidden[39m=[32m"true"[39m
                            [33mclass[39m=[32m"notranslate"[39m
                          [36m>[39m
                            [0mΓÇï[0m
                          [36m</span>[39m
                        [36m</legend>[39m
                      [36m</fieldset>[39m
                    [36m</div>[39m
                  [36m</div>[39m
                [36m</div>[39m
              [36m</li>[39m
              [36m<li>[39m
                [36m<div[39m
                  [33mclass[39m=[32m"inputLabelWrap"[39m
                [36m>[39m
                  [36m<label[39m
                    [33mclass[39m=[32m"label"[39m
                  [36m>[39m
                    [0mquickPrint.form.size[0m
                  [36m</label>[39m
                  [36m<div[39m
                    [33mclass[39m=[32m"MuiFormControl-root 
MuiFormControl-fullWidth css-ytlejw-MuiFormControl-root"[39m
                  [36m>[39m
                    [36m<div[39m
                      [33mclass[39m=[32m"MuiInputBase-root 
MuiOutlinedInput-root MuiInputBase-colorPrimary MuiInputBase-formControl 
MuiInputBase-sizeSmall MuiSelect-root 
css-1jgjaug-MuiInputBase-root-MuiOutlinedInput-root-MuiSelect-root"[39m
                    [36m>[39m
                      [36m<div[39m
                        [33maria-expanded[39m=[32m"false"[39m
                        [33maria-haspopup[39m=[32m"listbox"[39m
                        [33maria-label[39m=[32m"sizes.selectPrompt"[39m
                        [33mclass[39m=[32m"MuiSelect-select 
MuiSelect-outlined MuiInputBase-input MuiOutlinedInput-input 
MuiInputBase-inputSizeSmall css-1cvg5ae-MuiNativeSelect-root-MuiSelect-select-M
uiInputBase-input-MuiOutlinedInput-input"[39m
                        [33mrole[39m=[32m"combobox"[39m
                        [33mtabindex[39m=[32m"0"[39m
                      [36m>[39m
                        [0msizes.selectPrompt[0m
                      [36m</div>[39m
                      [36m<input[39m
                        [33maria-hidden[39m=[32m"true"[39m
                        [33maria-invalid[39m=[32m"false"[39m
                        [33mclass[39m=[32m"MuiSelect-nativeInput 
css-j0riat-MuiSelect-nativeInput"[39m
                        [33mtabindex[39m=[32m"-1"[39m
                        [33mvalue[39m=[32m""[39m
                      [36m/>[39m
                      [36m<svg[39m
                        [33maria-hidden[39m=[32m"true"[39m
                        [33mclass[39m=[32m"MuiSvgIcon-root 
MuiSvgIcon-fontSizeMedium MuiSelect-icon MuiSelect-iconOutlined 
css-s6rmb9-MuiSvgIcon-root-MuiNativeSelect-root-MuiSelect-icon"[39m
                        [33mdata-testid[39m=[32m"ArrowDropDownIcon"[39m
                        [33mfocusable[39m=[32m"false"[39m
                        [33mviewBox[39m=[32m"0 0 24 24"[39m
                      [36m>[39m
                        [36m<path[39m
                          [33md[39m=[32m"M7 10l5 5 5-5z"[39m
                        [36m/>[39m
                      [36m</svg>[39m
                      [36m<fieldset[39m
                        [33maria-hidden[39m=[32m"true"[39m
                        [33mclass[39m=[32m"MuiOutlinedInput-notchedOutline 
css-18p5xg2-MuiNotchedOutlined-root-MuiOutlinedInput-notchedOutline"[39m
                      [36m>[39m
                        [36m<legend[39m
                          
[33mclass[39m=[32m"css-1nf2c5d-MuiNotchedOutlined-root"[39m
                        [36m>[39m
                          [36m<span[39m
                            [33maria-hidden[39m=[32m"true"[39m
                            [33mclass[39m=[32m"notranslate"[39m
                          [36m>[39m
                            [0mΓÇï[0m
                          [36m</span>[39m
                        [36m</legend>[39m
                      [36m</fieldset>[39m
                    [36m</div>[39m
                  [36m</div>[39m
                [36m</div>[39m
              [36m</li>[39m
            [36m</ul>[39m
          [36m</div>[39m
          [36m<div[39m
            [33mclass[39m=[32m"buttonWrap"[39m
          [36m>[39m
            [36m<ul>[39m
              [36m<li>[39m
                [36m<div[39m
                  [33mclass[39m=[32m"toggleWrap"[39m
                [36m>[39m
                  [36m<label[39m
                    [33mclass[39m=[32m"label"[39m
                  [36m>[39m
                    [0mquickPrint.form.printOnlyOnHand[0m
                  [36m</label>[39m
                  [36m<span[39m
                    [33mclass[39m=[32m"MuiSwitch-root MuiSwitch-sizeMedium 
css-1uvda7h-MuiSwitch-root"[39m
                  [36m>[39m
                    [36m<span[39m
                      [33mclass[39m=[32m"MuiButtonBase-root 
MuiSwitch-switchBase MuiSwitch-colorPrimary Mui-checked PrivateSwitchBase-root 
MuiSwitch-switchBase MuiSwitch-colorPrimary Mui-checked Mui-checked 
css-1i7zmrm-MuiButtonBase-root-MuiSwitchBase-root-MuiSwitch-switchBase"[39m
                    [36m>[39m
                      [36m<input[39m
                        [33mchecked[39m=[32m""[39m
                        [33mclass[39m=[32m"PrivateSwitchBase-input 
MuiSwitch-input css-12xagqm-MuiSwitchBase-root"[39m
                        [33mtype[39m=[32m"checkbox"[39m
                      [36m/>[39m
                      [36m<span[39m
                        [33mclass[39m=[32m"MuiSwitch-thumb 
css-ecjtb1-MuiSwitch-thumb"[39m
                      [36m/>[39m
                    [36m</span>[39m
                    [36m<span[39m
                      [33mclass[39m=[32m"MuiSwitch-track 
css-m2yt4f-MuiSwitch-track"[39m
                    [36m/>[39m
                  [36m</span>[39m
                [36m</div>[39m
              [36m</li>[39m
              [36m<li>[39m
                [36m<button[39m
                  [33mclass[39m=[32m"primaryButton"[39m
                  [33mdisabled[39m=[32m""[39m
                  [33mtype[39m=[32m"button"[39m
                [36m>[39m
                  [36m<i>[39m
                    [36m<svg[39m
                      [33mfill[39m=[32m"none"[39m
                      [33mheight[39m=[32m"18"[39m
                      [33mviewBox[39m=[32m"0 0 20 18"[39m
                      [33mwidth[39m=[32m"20"[39m
                      [33mxmlns[39m=[32m"http://www.w3.org/2000/svg"[39m
                    [36m>[39m
                      [36m<path[39m
                        [33md[39m=[32m"M17 5H3C1.34 5 0 6.34 0 
8V14H4V18H16V14H20V8C20 6.34 18.66 5 17 5ZM14 16H6V11H14V16ZM17 9C16.45 9 16 
8.55 16 8C16 7.45 16.45 7 17 7C17.55 7 18 7.45 18 8C18 8.55 17.55 9 17 9ZM16 
0H4V4H16V0Z"[39m
                        [33mfill[39m=[32m"white"[39m
                      [36m/>[39m
                    [36m</svg>[39m
                  [36m</i>[39m
                  [36m<span>[39m
                    [0mquickPrint.controls.printAll[0m
                  [36m</span>[39m
                [36m</button>[39m
              [36m</li>[39m
            [36m</ul>[39m
          [36m</div>[39m
        [36m</div>[39m
      [36m</div>[39m
    [36m</body>[39m

    [0m [90m  6 |[39m   it([32m"renders department, category, quantity, 
and size fields"[39m[33m,[39m () [33m=>[39m {
     [90m  7 |[39m     render([33m<[39m[33mPrintByDept[39m 
[33m/[39m[33m>[39m)[33m;[39m
    [31m[1m>[22m[39m[90m  8 |[39m     
expect(screen[33m.[39mgetByPlaceholderText([32m"Enter Department 
#"[39m))[33m.[39mtoBeInTheDocument()[33m;[39m
     [90m    |[39m                   [31m[1m^[22m[39m
     [90m  9 |[39m     
expect(screen[33m.[39mgetByPlaceholderText([32m"Enter Category 
Code"[39m))[33m.[39mtoBeInTheDocument()[33m;[39m
     [90m 10 |[39m     expect(screen[33m.[39mgetByText([32m"Print Only 
Items With On Hand"[39m))[33m.[39mtoBeInTheDocument()[33m;[39m
     [90m 11 |[39m   })[33m;[39m[0m

      at Object.getElementError 
(node_modules/@testing-library/dom/dist/config.js:37:19)
      at node_modules/@testing-library/dom/dist/query-helpers.js:76:38
      at node_modules/@testing-library/dom/dist/query-helpers.js:52:17
      at node_modules/@testing-library/dom/dist/query-helpers.js:95:19
      at Object.getByPlaceholderText 
(src/features/quick-print/component/print-by-dept/PrintByDept.test.tsx:8:19)

FAIL src/features/quick-print/component/print-by-item/PrintByItem.test.tsx 
(8.134 s)
  ΓùÅ Console

    console.warn
      react-i18next:: useTranslation: You will need to pass in an i18next 
instance by using initReactI18next { code: 'NO_I18NEXT_INSTANCE' }

    [0m [90m 13 |[39m
     [90m 14 |[39m [36mfunction[39m [33mPrintByItem[39m()[33m:[39m 
[33mJSX[39m[33m.[39m[33mElement[39m {
    [31m[1m>[22m[39m[90m 15 |[39m   [36mconst[39m { t } [33m=[39m 
useTranslation([32m"signs"[39m)[33m;[39m
     [90m    |[39m                               [31m[1m^[22m[39m
     [90m 16 |[39m   [36mconst[39m [size[33m,[39m setSize] [33m=[39m 
useState[33m<[39m[33mstring[39m[33m>[39m([32m""[39m)[33m;[39m
     [90m 17 |[39m   [36mconst[39m [itemUpc[33m,[39m setItemUpc] 
[33m=[39m 
useState[33m<[39m[33mstring[39m[33m>[39m([32m""[39m)[33m;[39m
     [90m 18 |[39m   [36mconst[39m [quantity[33m,[39m setQuantity] 
[33m=[39m 
useState[33m<[39m[33mstring[39m[33m>[39m([32m""[39m)[33m;[39m[0m

      at warn (node_modules/react-i18next/dist/commonjs/utils.js:19:13)
      at warnOnce (node_modules/react-i18next/dist/commonjs/utils.js:27:3)
      at useTranslation 
(node_modules/react-i18next/dist/commonjs/useTranslation.js:37:25)
      at PrintByItem 
(src/features/quick-print/component/print-by-item/PrintByItem.tsx:15:31)
      at renderWithHooks 
(node_modules/react-dom/cjs/react-dom.development.js:15486:18)
      at mountIndeterminateComponent 
(node_modules/react-dom/cjs/react-dom.development.js:20103:13)
      at beginWork 
(node_modules/react-dom/cjs/react-dom.development.js:21626:16)
      at beginWork$1 
(node_modules/react-dom/cjs/react-dom.development.js:27465:14)
      at performUnitOfWork 
(node_modules/react-dom/cjs/react-dom.development.js:26599:12)
      at workLoopSync 
(node_modules/react-dom/cjs/react-dom.development.js:26505:5)
      at renderRootSync 
(node_modules/react-dom/cjs/react-dom.development.js:26473:7)
      at performConcurrentWorkOnRoot 
(node_modules/react-dom/cjs/react-dom.development.js:25777:74)
      at flushActQueue (node_modules/react/cjs/react.development.js:2667:24)
      at act (node_modules/react/cjs/react.development.js:2582:11)
      at node_modules/@testing-library/react/dist/act-compat.js:46:25
      at renderRoot (node_modules/@testing-library/react/dist/pure.js:189:26)
      at render (node_modules/@testing-library/react/dist/pure.js:291:10)
      at Object.<anonymous> 
(src/features/quick-print/component/print-by-item/PrintByItem.test.tsx:7:11)

  ΓùÅ PrintByItem ΓÇ║ renders size, item UPC, and quantity fields

    TestingLibraryElementError: Unable to find an element with the placeholder 
text of: Enter or Scan Item # / UPC

    Ignored nodes: comments, script, style
    [36m<body>[39m
      [36m<div>[39m
        [36m<div[39m
          [33mclass[39m=[32m"quickPrintItem"[39m
        [36m>[39m
          [36m<div[39m
            [33mclass[39m=[32m"selectItem"[39m
          [36m>[39m
            [36m<ul>[39m
              [36m<li>[39m
                [36m<div[39m
                  [33mclass[39m=[32m"inputLabelWrap"[39m
                [36m>[39m
                  [36m<label[39m
                    [33mclass[39m=[32m"label"[39m
                  [36m>[39m
                    [0mquickPrint.form.size[0m
                    [36m<span[39m
                      [33mclass[39m=[32m"mandatoryStar"[39m
                    [36m>[39m
                      [0m*[0m
                    [36m</span>[39m
                  [36m</label>[39m
                  [36m<div[39m
                    [33mclass[39m=[32m"MuiFormControl-root 
MuiFormControl-fullWidth css-ytlejw-MuiFormControl-root"[39m
                  [36m>[39m
                    [36m<div[39m
                      [33mclass[39m=[32m"MuiInputBase-root 
MuiOutlinedInput-root MuiInputBase-colorPrimary MuiInputBase-formControl 
MuiInputBase-sizeSmall MuiSelect-root 
css-1jgjaug-MuiInputBase-root-MuiOutlinedInput-root-MuiSelect-root"[39m
                    [36m>[39m
                      [36m<div[39m
                        [33maria-expanded[39m=[32m"false"[39m
                        [33maria-haspopup[39m=[32m"listbox"[39m
                        [33maria-label[39m=[32m"sizes.selectPrompt"[39m
                        [33mclass[39m=[32m"MuiSelect-select 
MuiSelect-outlined MuiInputBase-input MuiOutlinedInput-input 
MuiInputBase-inputSizeSmall css-1cvg5ae-MuiNativeSelect-root-MuiSelect-select-M
uiInputBase-input-MuiOutlinedInput-input"[39m
                        [33mrole[39m=[32m"combobox"[39m
                        [33mtabindex[39m=[32m"-1"[39m
                      [36m>[39m
                        [0msizes.selectPrompt[0m
                      [36m</div>[39m
                      [36m<input[39m
                        [33maria-hidden[39m=[32m"true"[39m
                        [33maria-invalid[39m=[32m"false"[39m
                        [33mclass[39m=[32m"MuiSelect-nativeInput 
css-j0riat-MuiSelect-nativeInput"[39m
                        [33mtabindex[39m=[32m"-1"[39m
                        [33mvalue[39m=[32m""[39m
                      [36m/>[39m
                      [36m<svg[39m
                        [33maria-hidden[39m=[32m"true"[39m
                        [33mclass[39m=[32m"MuiSvgIcon-root 
MuiSvgIcon-fontSizeMedium MuiSelect-icon MuiSelect-iconOutlined 
css-s6rmb9-MuiSvgIcon-root-MuiNativeSelect-root-MuiSelect-icon"[39m
                        [33mdata-testid[39m=[32m"ArrowDropDownIcon"[39m
                        [33mfocusable[39m=[32m"false"[39m
                        [33mviewBox[39m=[32m"0 0 24 24"[39m
                      [36m>[39m
                        [36m<path[39m
                          [33md[39m=[32m"M7 10l5 5 5-5z"[39m
                        [36m/>[39m
                      [36m</svg>[39m
                      [36m<fieldset[39m
                        [33maria-hidden[39m=[32m"true"[39m
                        [33mclass[39m=[32m"MuiOutlinedInput-notchedOutline 
css-18p5xg2-MuiNotchedOutlined-root-MuiOutlinedInput-notchedOutline"[39m
                      [36m>[39m
                        [36m<legend[39m
                          
[33mclass[39m=[32m"css-1nf2c5d-MuiNotchedOutlined-root"[39m
                        [36m>[39m
                          [36m<span[39m
                            [33maria-hidden[39m=[32m"true"[39m
                            [33mclass[39m=[32m"notranslate"[39m
                          [36m>[39m
                            [0mΓÇï[0m
                          [36m</span>[39m
                        [36m</legend>[39m
                      [36m</fieldset>[39m
                    [36m</div>[39m
                  [36m</div>[39m
                [36m</div>[39m
              [36m</li>[39m
              [36m<li>[39m
                [36m<div[39m
                  [33mclass[39m=[32m"inputLabelWrap"[39m
                [36m>[39m
                  [36m<label[39m
                    [33mclass[39m=[32m"label"[39m
                  [36m>[39m
                    [0mquickPrint.form.itemUpc[0m
                    [36m<span[39m
                      [33mclass[39m=[32m"mandatoryStar"[39m
                    [36m>[39m
                      [0m*[0m
                    [36m</span>[39m
                  [36m</label>[39m
                  [36m<div[39m
                    [33mclass[39m=[32m"MuiFormControl-root 
MuiFormControl-fullWidth MuiTextField-root 
css-cmpglg-MuiFormControl-root-MuiTextField-root"[39m
                  [36m>[39m
                    [36m<div[39m
                      [33mclass[39m=[32m"MuiInputBase-root 
MuiOutlinedInput-root MuiInputBase-colorPrimary MuiInputBase-fullWidth 
MuiInputBase-formControl MuiInputBase-sizeSmall 
css-109vf2i-MuiInputBase-root-MuiOutlinedInput-root"[39m
                    [36m>[39m
                      [36m<input[39m
                        [33maria-invalid[39m=[32m"false"[39m
                        [33maria-label[39m=[32m"Item number or UPC"[39m
                        [33mclass[39m=[32m"MuiInputBase-input 
MuiOutlinedInput-input MuiInputBase-inputSizeSmall 
css-dr49fi-MuiInputBase-input-MuiOutlinedInput-input"[39m
                        [33mid[39m=[32m":r1:"[39m
                        [33mmaxlength[39m=[32m"8"[39m
                        [33mminlength[39m=[32m"5"[39m
                        
[33mplaceholder[39m=[32m"quickPrint.form.itemUpcPlaceholder"[39m
                        [33mtype[39m=[32m"text"[39m
                        [33mvalue[39m=[32m""[39m
                      [36m/>[39m
                      [36m<fieldset[39m
                        [33maria-hidden[39m=[32m"true"[39m
                        [33mclass[39m=[32m"MuiOutlinedInput-notchedOutline 
css-18p5xg2-MuiNotchedOutlined-root-MuiOutlinedInput-notchedOutline"[39m
                      [36m>[39m
                        [36m<legend[39m
                          
[33mclass[39m=[32m"css-1nf2c5d-MuiNotchedOutlined-root"[39m
                        [36m>[39m
                          [36m<span[39m
                            [33maria-hidden[39m=[32m"true"[39m
                            [33mclass[39m=[32m"notranslate"[39m
                          [36m>[39m
                            [0mΓÇï[0m
                          [36m</span>[39m
                        [36m</legend>[39m
                      [36m</fieldset>[39m
                    [36m</div>[39m
                  [36m</div>[39m
                [36m</div>[39m
              [36m</li>[39m
              [36m<li>[39m
                [36m<div[39m
                  [33mclass[39m=[32m"inputLabelWrap"[39m
                [36m>[39m
                  [36m<label[39m
                    [33mclass[39m=[32m"label"[39m
                  [36m>[39m
                    [0mquickPrint.form.quantity[0m
                    [36m<span[39m
                      [33mclass[39m=[32m"mandatoryStar"[39m
                    [36m>[39m
                      [0m*[0m
                    [36m</span>[39m
                  [36m</label>[39m
     ...

    [0m [90m  6 |[39m   it([32m"renders size, item UPC, and quantity 
fields"[39m[33m,[39m () [33m=>[39m {
     [90m  7 |[39m     render([33m<[39m[33mPrintByItem[39m 
[33m/[39m[33m>[39m)[33m;[39m
    [31m[1m>[22m[39m[90m  8 |[39m     
expect(screen[33m.[39mgetByPlaceholderText([32m"Enter or Scan Item # / 
UPC"[39m))[33m.[39mtoBeInTheDocument()[33m;[39m
     [90m    |[39m                   [31m[1m^[22m[39m
     [90m  9 |[39m     
expect(screen[33m.[39mgetByPlaceholderText([32m"Enter 
Quantity"[39m))[33m.[39mtoBeInTheDocument()[33m;[39m
     [90m 10 |[39m     expect(screen[33m.[39mgetByText([32m"Quick Sign 
Print List"[39m))[33m.[39mtoBeInTheDocument()[33m;[39m
     [90m 11 |[39m   })[33m;[39m[0m

      at Object.getElementError 
(node_modules/@testing-library/dom/dist/config.js:37:19)
      at node_modules/@testing-library/dom/dist/query-helpers.js:76:38
      at node_modules/@testing-library/dom/dist/query-helpers.js:52:17
      at node_modules/@testing-library/dom/dist/query-helpers.js:95:19
      at Object.getByPlaceholderText 
(src/features/quick-print/component/print-by-item/PrintByItem.test.tsx:8:19)

FAIL src/features/custom-sign/component/customSign.test.tsx (8.979 s)
  ΓùÅ Console

    console.warn
      react-i18next:: useTranslation: You will need to pass in an i18next 
instance by using initReactI18next { code: 'NO_I18NEXT_INSTANCE' }

    [0m [90m 46 |[39m   } [33m=[39m useCustomSign()[33m;[39m
     [90m 47 |[39m
    [31m[1m>[22m[39m[90m 48 |[39m   [36mconst[39m { t } [33m=[39m 
useTranslation([32m"signs"[39m)[33m;[39m
     [90m    |[39m                               [31m[1m^[22m[39m
     [90m 49 |[39m
     [90m 50 |[39m   [90m// Ref for programmatic focus ΓÇö cursor returns 
to Item # after Reset.[39m
     [90m 51 |[39m   [36mconst[39m productCodeRef [33m=[39m useRef[33m<
[39m[33mHTMLInputElement[39m[33m>[39m([36mnull[39m)[33m;[39m[0m

      at warn (node_modules/react-i18next/dist/commonjs/utils.js:19:13)
      at warnOnce (node_modules/react-i18next/dist/commonjs/utils.js:27:3)
      at useTranslation 
(node_modules/react-i18next/dist/commonjs/useTranslation.js:37:25)
      at CustomSignScreen 
(src/features/custom-sign/component/customSign.tsx:48:31)
      at renderWithHooks 
(node_modules/react-dom/cjs/react-dom.development.js:15486:18)
      at mountIndeterminateComponent 
(node_modules/react-dom/cjs/react-dom.development.js:20103:13)
      at beginWork 
(node_modules/react-dom/cjs/react-dom.development.js:21626:16)
      at beginWork$1 
(node_modules/react-dom/cjs/react-dom.development.js:27465:14)
      at performUnitOfWork 
(node_modules/react-dom/cjs/react-dom.development.js:26599:12)
      at workLoopSync 
(node_modules/react-dom/cjs/react-dom.development.js:26505:5)
      at renderRootSync 
(node_modules/react-dom/cjs/react-dom.development.js:26473:7)
      at performConcurrentWorkOnRoot 
(node_modules/react-dom/cjs/react-dom.development.js:25777:74)
      at flushActQueue (node_modules/react/cjs/react.development.js:2667:24)
      at act (node_modules/react/cjs/react.development.js:2582:11)
      at node_modules/@testing-library/react/dist/act-compat.js:46:25
      at renderRoot (node_modules/@testing-library/react/dist/pure.js:189:26)
      at render (node_modules/@testing-library/react/dist/pure.js:291:10)
      at Object.<anonymous> 
(src/features/custom-sign/component/customSign.test.tsx:45:11)

  ΓùÅ CustomSignScreen ΓÇ║ renders the Item # / UPC input and Lookup button

    TestingLibraryElementError: Unable to find an element with the placeholder 
text of: Enter Item # / UPC

    Ignored nodes: comments, script, style
    [36m<body>[39m
      [36m<div>[39m
        [36m<div[39m
          [33mclass[39m=[32m"contentWrap"[39m
        [36m>[39m
          [36m<div[39m
            [33mclass[39m=[32m"topContentBar"[39m
          [36m>[39m
            [36m<div[39m
              [33mclass[39m=[32m"topTitle"[39m
            [36m>[39m
              [36m<h2>[39m
                [0mcustomSign.title[0m
              [36m</h2>[39m
            [36m</div>[39m
            [36m<div[39m
              [33mclass[39m=[32m"actionWrap"[39m
            [36m>[39m
              [36m<ul>[39m
                [36m<li>[39m
                  [36m<i>[39m
                    [36m<svg[39m
                      [33mfill[39m=[32m"none"[39m
                      [33mheight[39m=[32m"2"[39m
                      [33mviewBox[39m=[32m"0 0 16 2"[39m
                      [33mwidth[39m=[32m"16"[39m
                      [33mxmlns[39m=[32m"http://www.w3.org/2000/svg"[39m
                    [36m>[39m
                      [36m<path[39m
                        [33md[39m=[32m"M16 0H0V2H16V0Z"[39m
                        [33mfill[39m=[32m"#79747E"[39m
                      [36m/>[39m
                    [36m</svg>[39m
                  [36m</i>[39m
                [36m</li>[39m
                [36m<li>[39m
                  [36m<i>[39m
                    [36m<svg[39m
                      [33mfill[39m=[32m"none"[39m
                      [33mheight[39m=[32m"15"[39m
                      [33mviewBox[39m=[32m"0 0 15 15"[39m
                      [33mwidth[39m=[32m"15"[39m
                      [33mxmlns[39m=[32m"http://www.w3.org/2000/svg"[39m
                    [36m>[39m
                      [36m<path[39m
                        [33md[39m=[32m"M15 6.66667V0H8.33333L11.075 
2.74167L2.74167 11.075L0 8.33333V15H6.66667L3.925 12.2583L12.2583 3.925L15 
6.66667Z"[39m
                        [33mfill[39m=[32m"#79747E"[39m
                      [36m/>[39m
                    [36m</svg>[39m
                  [36m</i>[39m
                [36m</li>[39m
                [36m<li>[39m
                  [36m<i>[39m
                    [36m<svg[39m
                      [33mfill[39m=[32m"none"[39m
                      [33mheight[39m=[32m"14"[39m
                      [33mviewBox[39m=[32m"0 0 14 14"[39m
                      [33mwidth[39m=[32m"14"[39m
                      [33mxmlns[39m=[32m"http://www.w3.org/2000/svg"[39m
                    [36m>[39m
                      [36m<path[39m
                        [33md[39m=[32m"M14 1.41L12.59 0L7 5.59L1.41 0L0 
1.41L5.59 7L0 12.59L1.41 14L7 8.41L12.59 14L14 12.59L8.41 7L14 1.41Z"[39m
                        [33mfill[39m=[32m"#79747E"[39m
                      [36m/>[39m
                    [36m</svg>[39m
                  [36m</i>[39m
                [36m</li>[39m
              [36m</ul>[39m
            [36m</div>[39m
          [36m</div>[39m
          [36m<div[39m
            [33mclass[39m=[32m"section"[39m
          [36m>[39m
            [36m<div[39m
              [33mclass[39m=[32m"gridWrap"[39m
            [36m>[39m
              [36m<div[39m
                [33mclass[39m=[32m"signDetails"[39m
              [36m>[39m
                [36m<div[39m
                  [33mclass[39m=[32m"selectSignDetails"[39m
                [36m>[39m
                  [36m<ul>[39m
                    [36m<li>[39m
                      [36m<div[39m
                        [33mclass[39m=[32m"inputLabelWrap"[39m
                      [36m>[39m
                        [36m<label[39m
                          [33mclass[39m=[32m"label"[39m
                        [36m>[39m
                          [0mcustomSign.form.itemUpc[0m
                          [36m<span[39m
                            [33mclass[39m=[32m"mandatoryStar"[39m
                          [36m>[39m
                            [0m*[0m
                          [36m</span>[39m
                        [36m</label>[39m
                        [36m<div[39m
                          [33mclass[39m=[32m"MuiFormControl-root 
MuiFormControl-fullWidth MuiTextField-root 
css-cmpglg-MuiFormControl-root-MuiTextField-root"[39m
                        [36m>[39m
                          [36m<div[39m
                            [33mclass[39m=[32m"MuiInputBase-root 
MuiOutlinedInput-root MuiInputBase-colorPrimary MuiInputBase-fullWidth 
MuiInputBase-formControl MuiInputBase-sizeSmall 
css-109vf2i-MuiInputBase-root-MuiOutlinedInput-root"[39m
                          [36m>[39m
                            [36m<input[39m
                              [33maria-invalid[39m=[32m"false"[39m
                              [33maria-label[39m=[32m"Item number or 
UPC"[39m
                              [33mclass[39m=[32m"MuiInputBase-input 
MuiOutlinedInput-input MuiInputBase-inputSizeSmall 
css-dr49fi-MuiInputBase-input-MuiOutlinedInput-input"[39m
                              [33mid[39m=[32m":r0:"[39m
                              
[33mplaceholder[39m=[32m"customSign.form.itemUpcPlaceholder"[39m
                              [33mtype[39m=[32m"text"[39m
                              [33mvalue[39m=[32m""[39m
                            [36m/>[39m
                            [36m<fieldset[39m
                              [33maria-hidden[39m=[32m"true"[39m
                              
[33mclass[39m=[32m"MuiOutlinedInput-notchedOutline 
css-18p5xg2-MuiNotchedOutlined-root-MuiOutlinedInput-notchedOutline"[39m
                            [36m>[39m
                              [36m<legend[39m
                                
[33mclass[39m=[32m"css-1nf2c5d-MuiNotchedOutlined-root"[39m
                              [36m>[39m
                                [36m<span[39m
                                  [33maria-hidden[39m=[32m"true"[39m
                                  [33mclass[39m=[32m"notranslate"[39m
                                [36m>[39m
                                  [0mΓÇï[0m
                                [36m</span>[39m
                              [36m</legend>[39m
                            [36m</fieldset>[39m
                          [36m</div>[39m
                        [36m</div>[39m
                      [36m</div>[39m
                    [36m</li>[39m
                    [36m<li>[39m
                      [36m<div[39m
                        [33mclass[39m=[32m"inputLabelWrap"[39m
                      [36m>[39m
                        [36m<label[39m
                          [33mclass[39m=[32m"label"[39m
                        [36m>[39m
                          [0mcustomSign.form.size[0m
                          [36m<span[39m
                            [33mclass[39m=[32m"mandatoryStar"[39m
                          [36m>[39m
                            [0m*[0m
                          [36m</span>[39m
                        [36m</label>[39m
                        [36m<div[39m
                          [33mclass[39m=[32m"MuiFormControl-root 
MuiFormControl-fullWidth css-ytlejw-MuiFormControl-root"[39m
                        [36m>[39m
                          [36m<div[39m
                            [33mclass[39m=[32m"MuiInputBase-root 
MuiOutlinedInput-root MuiInputBase-colorPrimary MuiInputBase-formControl 
MuiInputBase-sizeSmall MuiSelect-root 
css-1jgjaug-MuiInputBase-root-MuiOutlinedInput-root-MuiSelect-root"[39m
                          [36m>[39m
                            [36m<div[39m
                              [33maria-expanded[39m=[32m"false"[39m
                              [33maria-haspopup[39m=[32m"listbox"[39m
                              
[33maria-label[39m=[32m"sizes.selectPrompt"[39m
                              [33mclass[39m=[32m"MuiSelect-select 
MuiSelect-outlined MuiInputBase-input MuiOutlinedInput-input 
MuiInputBase-inputSizeSmall css-1cvg5ae-MuiNativeSelect-root-MuiSelect-select-M
uiInputBase-input-MuiOutlinedInput-input"[39m
                              [33mrole[39m=[32m"combobox"[39m
                              [33mtabindex[39m=[32m"0"[39m
                            [36m>[39m
                              [0msizes.selectPrompt[0m
                            [36m</div>[39m
                            [36m<input[39m
                              [33maria-hidden[39m=[32m"true"[39m
                              [33maria-invalid[39m=[32m"false"[39m
                              [33mclass[39m=[32m"MuiSelect-nativeInput 
css-j0riat-MuiSelect-nativeInput"[39m
                              [33mtabindex[39m=[32m"-1"[39m
                              [33mvalue[39m=[32m""[39m
                            [36m/>[39m
                            [36m<svg[39m
                              [33maria-hidden[39m=[32m"true"[39m
                              [33mclass[39m=[32m"MuiSvgIcon-root 
MuiSvgIcon-fontSizeMedium MuiSelect-icon MuiSelect-iconOutlined 
css-s6rmb9-MuiSvgIcon-root-MuiNativeSelect-root-MuiSelect-icon"[39m
                              
[33mdata-testid[39m=[32m"ArrowDropDownIcon"[39m
                              [33mfocusable[39m=[32m"false"[39m
                              [33mviewBox[39m=[32m"0 0 24 24"[39m
                            [36m>[39m
                              [36m<path[39m
                                [33md[39m=[32m"M7 10l5 5 5-5z"[39m
                              [36m/>[39m
                            [36m</svg>[39m
                            [36m<fieldset[39m
                              [33maria-hidden[39m=[32m"true"[39m
                              
[33mclass[39m=[32m"MuiOutlinedInput-notchedOutline 
css-18p5xg2-MuiNotchedOutlined-root-MuiOutlinedInput-notchedOutline"[39m
                            [36m>[39m
                              [36m<legend[39m
                                
[33mclass[39m=[32m"css-1nf2c5d-MuiNotchedOutlined-root"[39m
                              [36m>[39m
                                [36m<span[39m
                                  [33maria-hidden[39m=[32m"true"[39m
                                  [33mclass[39m=[32m"notranslate"[39m
                                [36m>[39m
                                  [0mΓÇï[0m
                                [36m</span>[39m
                              [36m</legend>[39m
                            [36m</fieldset>[39m
                          [36m</div>[39m
                        [36m</div>[39m
                      [36m</div>[39m
                    [36m</li>[39m
                  [36m</ul>[39m
                [36m</div>[39m
                [36m<div[39m
                  [33mclass[39m=[32m"buttonsWrap"[39m
                [36m>[39m
                  [36m<ul>[39m
                    [36m<li>[39m
                      [36m<button[39m
                        [33mclass[39m=[32m"primaryButtonOutline"[39m
                      [36m>[39m
                        [0mcustomSign.actions.reset[0m
                      [36m</button>[39m
                    [36m</li>[39m
                    [36m<li>[39m
                      [36m<button[39m
                        [33maria-busy[39m=[32m"false"[39m
                        [33mclass[39m=[32m"primaryButton"[39m
                        [33mdisabled[39m=[32m""[39m
                      [36m>[39m
                        [0mcustomSign.form.lookup[0m
                      [36m</button>[39m
                    [36m</li>[39m
                  [36m</ul>[39m
                [36m</div>[39m
              [36m</div>[39m
              [36m<div[39m
                [33mclass[39m=[32m"signPreviewWrapper"[39m
              [36m>[39m
                [36m<div[39m
                  [33mclass[39m=[32m"selectQty"[39m
                [36m>[39m
                  [36m<ul>[39m
                    [36m<li>[39m
                      [36m<div[39m
                        [33mclass[39m=[32m"inputLabelWrap"[39m
                      [36m>[39m
                        [36m<label[39m
                          [33mclass[39m=[32m"label"[39m
                        [36m>[39m
                          [0mcustomSign.form.quantity[0m
                        [36m</label>[39m
                        [36m<div[39m
                          [33mclass[39m=[32m"MuiFormControl-root 
MuiFormControl-fullWidth MuiTextField-root 
css-cmpglg-MuiFormControl-root-MuiTextField-root"[39m
                        [36m>[39m
                          [36m<div[39m
                            [33mclass[39m=[32m"MuiInputBase-root 
MuiOutlinedInput-root MuiInputBase-colorPrimary MuiInputBase-fullWidth 
MuiInputBase-formControl MuiInputBase-sizeSmall 
css-109vf2i-MuiInputBase-root-MuiOutlinedInput-root"[39m
                          [36m>[39m
                            [36m<input[39m
                              [33maria-invalid[39m=[32m"false"[39m
                              [33maria-label[39m=[32m"Print quantity"[39m
                              [33mclass[39m=[32m"MuiInputBase-input 
MuiOutlinedInput-input MuiInputBase-inputSizeSmall 
css-dr49fi-MuiInputBase-input-MuiOutlinedInput-input"[39m
                              [33mid[39m=[32m":r2:"[39m
                              [33mmax[39m=[32m"99"[39m
                              [33mmin[39m=[32m"1"[39m
                              [33mplaceholder[39m=[32m"1"[39m
                              [33mtype[39m=[32m"number"[39m
                              [33mvalue[39m=[32m"1"[39m
                            [36m/>[39m
                            [36m<fieldset[39m
                              [33maria-hidden[39m=[32m"true"[39m
                              
[33mclass[39m=[32m"MuiOutlinedInput-notchedOutline 
css-18p5xg2-MuiNotchedOutlined-root-MuiOutlinedInput-notchedOutline"[39m
                            [36m>[39m
                              [36m<legend[39m
                                
[33mclass[39m=[32m"css-1nf2c5d-MuiNotchedOutlined-root"[39m
                              [36m>[39m
                                [36m<span[39m
                                  [33maria-hidden[39m=[32m"true"[39m
                                  [33mclass[39m=[32m"notranslate"[39m
                                [36m>[39m
                                  [0mΓÇï[0m
                                [36m</span>[39m
                              [36m</legend>[39m
                            [36m</fieldset>[39m
                          [36m</div>[39m
                        [36m</div>[39m
                      [36m</div>[39m
                    [36m</li>[39m
                    [36m<li>[39m
                      [36m<button[39m
                        [33maria-busy[39m=[32m"false"[39m
                        [33mclass[39m=[32m"primaryButton"[39m
                        [33mdisabled[39m=[32m""[39m
                      [36m>[39m
                        [36m<i>[39m
                          [36m<svg[39m
                            [33mfill[39m=[32m"none"[39m
                            [33mheight[39m=[32m"18"[39m
                            [33mviewBox[39m=[32m"0 0 20 18"[39m
                            [33mwidth[39m=[32m"20"[39m
                            
[33mxmlns[39m=[32m"http://www.w3.org/2000/svg"[39m
                          [36m>[39m
                            [36m<path[39m
                              [33md[39m=[32m"M17 5H3C1.34 5 0 6.34 0 
8V14H4V18H16V14H20V8C20 6.34 18.66 5 17 5ZM14 16H6V11H14V16ZM17 9C16.45 9 16 
8.55 16 8C16 7.45 16.45 7 17 7C17.55 7 18 7.45 18 8C18 8.55 17.55 9 17 9ZM16 
0H4V4H16V0Z"[39m
                              [33mfill[39m=[32m"white"[39m
                            [36m/>[39m
                          [36m</svg>[39m
                        [36m</i>[39m
                        [36m<span>[39m
                          [0mcustomSign.actions.print[0m
                        [36m</span>[39m
                      [36m</button>[39m
                    [36m</li>[39m
                  [36m</ul>[39m
                [36m</div>[39m
                [36m<div[39m
                  [33mclass[39m=[32m"templateViewEmpty"[39m
                [36m>[39m
                  [36m<h2>[39m
                    [0mSign preview will be shown here[0m
                  [36m</h2>[39m
                [36m</div>[39m
              [36m</div>[39m
            [36m</div>[39m
          [36m</div>[39m
        [36m</div>[39m
      [36m</div>[39m
    [36m</body>[39m

    [0m [90m 46 |[39m
     [90m 47 |[39m     [90m// Assert[39m
    [31m[1m>[22m[39m[90m 48 |[39m     
expect(screen[33m.[39mgetByPlaceholderText([32m"Enter Item # / 
UPC"[39m))[33m.[39mtoBeInTheDocument()[33m;[39m
     [90m    |[39m                   [31m[1m^[22m[39m
     [90m 49 |[39m     
expect(screen[33m.[39mgetByRole([32m"button"[39m[33m,[39m { 
name[33m:[39m [35m/lookup/i[39m 
}))[33m.[39mtoBeInTheDocument()[33m;[39m
     [90m 50 |[39m   })[33m;[39m
     [90m 51 |[39m[0m

      at Object.getElementError 
(node_modules/@testing-library/dom/dist/config.js:37:19)
      at node_modules/@testing-library/dom/dist/query-helpers.js:76:38
      at node_modules/@testing-library/dom/dist/query-helpers.js:52:17
      at node_modules/@testing-library/dom/dist/query-helpers.js:95:19
      at Object.getByPlaceholderText 
(src/features/custom-sign/component/customSign.test.tsx:48:19)

  ΓùÅ CustomSignScreen ΓÇ║ calls renderCustomSign with the entered item number 
on Lookup click

    TestingLibraryElementError: Unable to find an accessible element with the 
role "combobox" and name `/select size/i`

    Here are the accessible roles:

      heading:

      Name "customSign.title":
      [36m<h2 />[39m

      Name "Sign preview will be shown here":
      [36m<h2 />[39m

      --------------------------------------------------
      list:

      Name "":
      [36m<ul />[39m

      Name "":
      [36m<ul />[39m

      Name "":
      [36m<ul />[39m

      Name "":
      [36m<ul />[39m

      --------------------------------------------------
      listitem:

      Name "":
      [36m<li />[39m

      Name "":
      [36m<li />[39m

      Name "":
      [36m<li />[39m

      Name "":
      [36m<li />[39m

      Name "":
      [36m<li />[39m

      Name "":
      [36m<li />[39m

      Name "":
      [36m<li />[39m

      Name "":
      [36m<li />[39m

      Name "":
      [36m<li />[39m

      --------------------------------------------------
      textbox:

      Name "Item number or UPC":
      [36m<input[39m
        [33maria-invalid[39m=[32m"false"[39m
        [33maria-label[39m=[32m"Item number or UPC"[39m
        [33mclass[39m=[32m"MuiInputBase-input MuiOutlinedInput-input 
MuiInputBase-inputSizeSmall 
css-dr49fi-MuiInputBase-input-MuiOutlinedInput-input"[39m
        [33mid[39m=[32m":rc:"[39m
        [33mplaceholder[39m=[32m"customSign.form.itemUpcPlaceholder"[39m
        [33mtype[39m=[32m"text"[39m
        [33mvalue[39m=[32m""[39m
      [36m/>[39m

      --------------------------------------------------
      combobox:

      Name "sizes.selectPrompt":
      [36m<div[39m
        [33maria-expanded[39m=[32m"false"[39m
        [33maria-haspopup[39m=[32m"listbox"[39m
        [33maria-label[39m=[32m"sizes.selectPrompt"[39m
        [33mclass[39m=[32m"MuiSelect-select MuiSelect-outlined 
MuiInputBase-input MuiOutlinedInput-input MuiInputBase-inputSizeSmall css-1cvg5
ae-MuiNativeSelect-root-MuiSelect-select-MuiInputBase-input-MuiOutlinedInput-in
put"[39m
        [33mrole[39m=[32m"combobox"[39m
        [33mtabindex[39m=[32m"0"[39m
      [36m/>[39m

      --------------------------------------------------
      button:

      Name "customSign.actions.reset":
      [36m<button[39m
        [33mclass[39m=[32m"primaryButtonOutline"[39m
      [36m/>[39m

      Name "customSign.form.lookup":
      [36m<button[39m
        [33maria-busy[39m=[32m"false"[39m
        [33mclass[39m=[32m"primaryButton"[39m
        [33mdisabled[39m=[32m""[39m
      [36m/>[39m

      Name "customSign.actions.print":
      [36m<button[39m
        [33maria-busy[39m=[32m"false"[39m
        [33mclass[39m=[32m"primaryButton"[39m
        [33mdisabled[39m=[32m""[39m
      [36m/>[39m

      --------------------------------------------------
      spinbutton:

      Name "Print quantity":
      [36m<input[39m
        [33maria-invalid[39m=[32m"false"[39m
        [33maria-label[39m=[32m"Print quantity"[39m
        [33mclass[39m=[32m"MuiInputBase-input MuiOutlinedInput-input 
MuiInputBase-inputSizeSmall 
css-dr49fi-MuiInputBase-input-MuiOutlinedInput-input"[39m
        [33mid[39m=[32m":re:"[39m
        [33mmax[39m=[32m"99"[39m
        [33mmin[39m=[32m"1"[39m
        [33mplaceholder[39m=[32m"1"[39m
        [33mtype[39m=[32m"number"[39m
        [33mvalue[39m=[32m"1"[39m
      [36m/>[39m

      --------------------------------------------------

    Ignored nodes: comments, script, style
    [36m<body>[39m
      [36m<div>[39m
        [36m<div[39m
          [33mclass[39m=[32m"contentWrap"[39m
        [36m>[39m
          [36m<div[39m
            [33mclass[39m=[32m"topContentBar"[39m
          [36m>[39m
            [36m<div[39m
              [33mclass[39m=[32m"topTitle"[39m
            [36m>[39m
              [36m<h2>[39m
                [0mcustomSign.title[0m
              [36m</h2>[39m
            [36m</div>[39m
            [36m<div[39m
              [33mclass[39m=[32m"actionWrap"[39m
            [36m>[39m
              [36m<ul>[39m
                [36m<li>[39m
                  [36m<i>[39m
                    [36m<svg[39m
                      [33mfill[39m=[32m"none"[39m
                      [33mheight[39m=[32m"2"[39m
                      [33mviewBox[39m=[32m"0 0 16 2"[39m
                      [33mwidth[39m=[32m"16"[39m
                      [33mxmlns[39m=[32m"http://www.w3.org/2000/svg"[39m
                    [36m>[39m
                      [36m<path[39m
                        [33md[39m=[32m"M16 0H0V2H16V0Z"[39m
                        [33mfill[39m=[32m"#79747E"[39m
                      [36m/>[39m
                    [36m</svg>[39m
                  [36m</i>[39m
                [36m</li>[39m
                [36m<li>[39m
                  [36m<i>[39m
                    [36m<svg[39m
                      [33mfill[39m=[32m"none"[39m
                      [33mheight[39m=[32m"15"[39m
                      [33mviewBox[39m=[32m"0 0 15 15"[39m
                      [33mwidth[39m=[32m"15"[39m
                      [33mxmlns[39m=[32m"http://www.w3.org/2000/svg"[39m
                    [36m>[39m
                      [36m<path[39m
                        [33md[39m=[32m"M15 6.66667V0H8.33333L11.075 
2.74167L2.74167 11.075L0 8.33333V15H6.66667L3.925 12.2583L12.2583 3.925L15 
6.66667Z"[39m
                        [33mfill[39m=[32m"#79747E"[39m
                      [36m/>[39m
                    [36m</svg>[39m
                  [36m</i>[39m
                [36m</li>[39m
                [36m<li>[39m
                  [36m<i>[39m
                    [36m<svg[39m
                      [33mfill[39m=[32m"none"[39m
                      [33mheight[39m=[32m"14"[39m
                      [33mviewBox[39m=[32m"0 0 14 14"[39m
                      [33mwidth[39m=[32m"14"[39m
                      [33mxmlns[39m=[32m"http://www.w3.org/2000/svg"[39m
                    [36m>[39m
                      [36m<path[39m
                        [33md[39m=[32m"M14 1.41L12.59 0L7 5.59L1.41 0L0 
1.41L5.59 7L0 12.59L1.41 14L7 8.41L12.59 14L14 12.59L8.41 7L14 1.41Z"[39m
                        [33mfill[39m=[32m"#79747E"[39m
                      [36m/>[39m
                    [36m</svg>[39m
                  [36m</i>[39m
                [36m</li>[39m
              [36m</ul>[39m
            [36m</div>[39m
          [36m</div>[39m
          [36m<div[39m
            [33mclass[39m=[32m"section"[39m
          [36m>[39m
            [36m<div[39m
              [33mclass[39m=[32m"gridWrap"[39m
            [36m>[39m
              [36m<div[39m
                [33mclass[39m=[32m"signDetails"[39m
              [36m>[39m
                [36m<div[39m
                  [33mclass[39m=[32m"selectSignDetails"[39m
                [36m>[39m
                  [36m<ul>[39m
                    [36m<li>[39m
                      [36m<div[39m
                        [33mclass[39m=[32m"inputLabelWrap"[39m
                      [36m>[39m
                        [36m<label[39m
                          [33mclass[39m=[32m"label"[39m
                        [36m>[39m
                          [0mcustomSign.form.itemUpc[0m
                          [36m<span[39m
                            [33mclass[39m=[32m"mandatoryStar"[39m
                          [36m>[39m
                            [0m*[0m
                          [36m</span>[39m
                        [36m</label>[39m
                        [36m<div[39m
                          [33mclass[39m=[32m"MuiFormControl-root 
MuiFormControl-fullWidth MuiTextField-root 
css-cmpglg-MuiFormControl-root-MuiTextField-root"[39m
                        [36m>[39m
                          [36m<div[39m
                            [33mclass[39m=[32m"MuiInputBase-root 
MuiOutlinedInput-root MuiInputBase-colorPrimary MuiInputBase-fullWidth 
MuiInputBase-formControl MuiInputBase-sizeSmall 
css-109vf2i-MuiInputBase-root-MuiOutlinedInput-root"[39m
                          [36m>[39m
                            [36m<input[39m
                              [33maria-invalid[39m=[32m"false"[39m
                              [33maria-label[39m=[32m"Item number or 
UPC"[39m
                              [33mclass[39m=[32m"MuiInputBase-input 
MuiOutlinedInput-input MuiInputBase-inputSizeSmall 
css-dr49fi-MuiInputBase-input-MuiOutlinedInput-input"[39m
                              [33mid[39m=[32m":rc:"[39m
                              
[33mplaceholder[39m=[32m"customSign.form.itemUpcPlaceholder"[39m
                              [33mtype[39m=[32m"text"[39m
                              [33mvalue[39m=[32m""[39m
                            [36m/>[39m
                            [36m<fieldset[39m
                              [33maria-hidden[39m=[32m"true"[39m
                              
[33mclass[39m=[32m"MuiOutlinedInput-notchedOutline 
css-18p5xg2-MuiNotchedOutlined-root-MuiOutlinedInput-notchedOutline"[39m
                            [36m>[39m
                              [36m<legend[39m
                                
[33mclass[39m=[32m"css-1nf2c5d-MuiNotchedOutlined-root"[39m
                              [36m>[39m
                                [36m<span[39m
                                  [33maria-hidden[39m=[32m"true"[39m
                                  [33mclass[39m=[32m"notranslate"[39m
                                [36m>[39m
                                  [0mΓÇï[0m
                                [36m</span>[39m
                              [36m</legend>[39m
                            [36m</fieldset>[39m
                          [36m</div>[39m
                        [36m</div>[39m
                      [36m</div>[39m
                    [36m</li>[39m
                    [36m<li>[39m
                      [36m<div[39m
                        [33mclass[39m=[32m"inputLabelWrap"[39m
                      [36m>[39m
                        [36m<label[39m
                          [33mclass[39m=[32m"label"[39m
                        [36m>[39m
                          [0mcustomSign.form.size[0m
                          [36m<span[39m
                            [33mclass[39m=[32m"mandatoryStar"[39m
                          [36m>[39m
                            [0m*[0m
                          [36m</span>[39m
                        [36m</label>[39m
                        [36m<div[39m
                          [33mclass[39m=[32m"MuiFormControl-root 
MuiFormControl-fullWidth css-ytlejw-MuiFormControl-root"[39m
                        [36m>[39m
                          [36m<div[39m
                            [33mclass[39m=[32m"MuiInputBase-root 
MuiOutlinedInput-root MuiInputBase-colorPrimary MuiInputBase-formControl 
MuiInputBase-sizeSmall MuiSelect-root 
css-1jgjaug-MuiInputBase-root-MuiOutlinedInput-root-MuiSelect-root"[39m
                          [36m>[39m
                            [36m<div[39m
                              [33maria-expanded[39m=[32m"false"[39m
                              [33maria-haspopup[39m=[32m"listbox"[39m
                              
[33maria-label[39m=[32m"sizes.selectPrompt"[39m
                              [33mclass[39m=[32m"MuiSelect-select 
MuiSelect-outlined MuiInputBase-input MuiOutlinedInput-input 
MuiInputBase-inputSizeSmall css-1cvg5ae-MuiNativeSelect-root-MuiSelect-select-M
uiInputBase-input-MuiOutlinedInput-input"[39m
                              [33mrole[39m=[32m"combobox"[39m
                              [33mtabindex[39m=[32m"0"[39m
                            [36m>[39m
                              [0msizes.selectPrompt[0m
                            [36m</div>[39m
                            [36m<input[39m
                              [33maria-hidden[39m=[32m"true"[39m
                              [33maria-invalid[39m=[32m"false"[39m
                              [33mclass[39m=[32m"MuiSelect-nativeInput 
css-j0riat-MuiSelect-nativeInput"[39m
                              [33mtabindex[39m=[32m"-1"[39m
                              [33mvalue[39m=[32m""[39m
                            [36m/>[39m
                            [36m<svg[39m
                              [33maria-hidden[39m=[32m"true"[39m
                              [33mclass[39m=[32m"MuiSvgIcon-root 
MuiSvgIcon-fontSizeMedium MuiSelect-icon MuiSelect-iconOutlined 
css-s6rmb9-MuiSvgIcon-root-MuiNativeSelect-root-MuiSelect-icon"[39m
                              
[33mdata-testid[39m=[32m"ArrowDropDownIcon"[39m
                              [33mfocusable[39m=[32m"false"[39m
                              [33mviewBox[39m=[32m"0 0 24 24"[39m
                            [36m>[39m
                              [36m<path[39m
                                [33md[39m=[32m"M7 10l5 5 5-5z"[39m
                              [36m/>[39m
                            [36m</svg>[39m
                            [36m<fieldset[39m
                              [33maria-hidden[39m=[32m"true"[39m
                              
[33mclass[39m=[32m"MuiOutlinedInput-notchedOutline 
css-18p5xg2-MuiNotchedOutlined-root-MuiOutlinedInput-notchedOutline"[39m
                            [36m>[39m
                              [36m<legend[39m
                                
[33mclass[39m=[32m"css-1nf2c5d-MuiNotchedOutlined-root"[39m
                              [36m>[39m
                                [36m<span[39m
                                  [33maria-hidden[39m=[32m"true"[39m
                                  [33mclass[39m=[32m"notranslate"[39m
                                [36m>[39m
                                  [0mΓÇï[0m
                                [36m</span>[39m
                              [36m</legend>[39m
                            [36m</fieldset>[39m
                          [36m</div>[39m
                        [36m</div>[39m
                      [36m</div>[39m
                    [36m</li>[39m
                  [36m</ul>[39m
                [36m</div>[39m
                [36m<div[39m
                  [33mclass[39m=[32m"buttonsWrap"[39m
                [36m>[39m
                  [36m<ul>[39m
                    [36m<li>[39m
                      [36m<button[39m
                        [33mclass[39m=[32m"primaryButtonOutline"[39m
                      [36m>[39m
                        [0mcustomSign.actions.reset[0m
                      [36m</button>[39m
                    [36m</li>[39m
                    [36m<li>[39m
                      [36m<button[39m
                        [33maria-busy[39m=[32m"false"[39m
                        [33mclass[39m=[32m"primaryButton"[39m
                        [33mdisabled[39m=[32m""[39m
                      [36m>[39m
                        [0mcustomSign.form.lookup[0m
                      [36m</button>[39m
                    [36m</li>[39m
                  [36m</ul>[39m
                [36m</div>[39m
              [36m</div>[39m
              [36m<div[39m
                [33mclass[39m=[32m"signPreviewWrapper"[39m
              [36m>[39m
                [36m<div[39m
                  [33mclass[39m=[32m"selectQty"[39m
                [36m>[39m
                  [36m<ul>[39m
                    [36m<li>[39m
                      [36m<div[39m
                        [33mclass[39m=[32m"inputLabelWrap"[39m
                      [36m>[39m
                        [36m<label[39m
                          [33mclass[39m=[32m"label"[39m
                        [36m>[39m
                          [0mcustomSign.form.quantity[0m
                        [36m</label>[39m
                        [36m<div[39m
                          [33mclass[39m=[32m"MuiFormControl-root 
MuiFormControl-fullWidth MuiTextField-root 
css-cmpglg-MuiFormControl-root-MuiTextField-root"[39m
                        [36m>[39m
                          [36m<div[39m
                            [33mclass[39m=[32m"MuiInputBase-root 
MuiOutlinedInput-root MuiInputBase-colorPrimary MuiInputBase-fullWidth 
MuiInputBase-formControl MuiInputBase-sizeSmall 
css-109vf2i-MuiInputBase-root-MuiOutlinedInput-root"[39m
                          [36m>[39m
                            [36m<input[39m
                              [33maria-invalid[39m=[32m"false"[39m
                              [33maria-label[39m=[32m"Print quantity"[39m
                              [33mclass[39m=[32m"MuiInputBase-input 
MuiOutlinedInput-input MuiInputBase-inputSizeSmall 
css-dr49fi-MuiInputBase-input-MuiOutlinedInput-input"[39m
                              [33mid[39m=[32m":re:"[39m
                              [33mmax[39m=[32m"99"[39m
                              [33mmin[39m=[32m"1"[39m
                              [33mplaceholder[39m=[32m"1"[39m
                              [33mtype[39m=[32m"number"[39m
                              [33mvalue[39m=[32m"1"[39m
                            [36m/>[39m
                            [36m<fieldset[39m
                              [33maria-hidden[39m=[32m"true"[39m
                              
[33mclass[39m=[32m"MuiOutlinedInput-notchedOutline 
css-18p5xg2-MuiNotchedOutlined-root-MuiOutlinedInput-notchedOutline"[39m
                            [36m>[39m
                              [36m<legend[39m
                                
[33mclass[39m=[32m"css-1nf2c5d-MuiNotchedOutlined-root"[39m
                              [36m>[39m
                                [36m<span[39m
                                  [33maria-hidden[39m=[32m"true"[39m
                                  [33mclass[39m=[32m"notranslate"[39m
                                [36m>[39m
                                  [0mΓÇï[0m
                                [36m</span>[39m
                              [36m</legend>[39m
                            [36m</fieldset>[39m
                          [36m</div>[39m
                        [36m</div>[39m
                      [36m</div>[39m
                    [36m</li>[39m
                    [36m<li>[39m
                      [36m<button[39m
                        [33maria-busy[39m=[32m"false"[39m
                        [33mclass[39m=[32m"primaryButton"[39m
                        [33mdisabled[39m=[32m""[39m
                      [36m>[39m
                        [36m<i>[39m
                          [36m<svg[39m
                            [33mfill[39m=[32m"none"[39m
                            [33mheight[39m=[32m"18"[39m
                            [33mviewBox[39m=[32m"0 0 20 18"[39m
                            [33mwidth[39m=[32m"20"[39m
                            
[33mxmlns[39m=[32m"http://www.w3.org/2000/svg"[39m
                          [36m>[39m
                            [36m<path[39m
                              [33md[39m=[32m"M17 5H3C1.34 5 0 6.34 0 
8V14H4V18H16V14H20V8C20 6.34 18.66 5 17 5ZM14 16H6V11H14V16ZM17 9C16.45 9 16 
8.55 16 8C16 7.45 16.45 7 17 7C17.55 7 18 7.45 18 8C18 8.55 17.55 9 17 9ZM16 
0H4V4H16V0Z"[39m
                              [33mfill[39m=[32m"white"[39m
                            [36m/>[39m
                          [36m</svg>[39m
                        [36m</i>[39m
                        [36m<span>[39m
                          [0mcustomSign.actions.print[0m
                        [36m</span>[39m
                      [36m</button>[39m
                    [36m</li>[39m
                  [36m</ul>[39m
                [36m</div>[39m
                [36m<div[39m
                  [33mclass[39m=[32m"templateViewEmpty"[39m
                [36m>[39m
                  [36m<h2>[39m
                    [0mSign preview will be shown here[0m
                  [36m</h2>[39m
                [36m</div>[39m
              [36m</div>[39m
            [36m</div>[39m
          [36m</div>[39m
        [36m</div>[39m
      [36m</div>[39m
    [36m</body>[39m

    [0m [90m 30 |[39m [90m// MUI Select renders as role="combobox" with 
aria-label from inputProps.[39m
     [90m 31 |[39m [36mfunction[39m selectSize() {
    [31m[1m>[22m[39m[90m 32 |[39m   fireEvent[33m.[39mmouseDown(screen
[33m.[39mgetByRole([32m"combobox"[39m[33m,[39m { name[33m:[39m 
[35m/select size/i[39m }))[33m;[39m
     [90m    |[39m                              [31m[1m^[22m[39m
     [90m 33 |[39m   fireEvent[33m.[39mclick(screen[33m.[39mgetByRole([3
2m"option"[39m[33m,[39m { name[33m:[39m [32m"S-Small"[39m }))[33m;[39m
     [90m 34 |[39m }
     [90m 35 |[39m[0m

      at Object.getElementError 
(node_modules/@testing-library/dom/dist/config.js:37:19)
      at node_modules/@testing-library/dom/dist/query-helpers.js:76:38
      at node_modules/@testing-library/dom/dist/query-helpers.js:52:17
      at node_modules/@testing-library/dom/dist/query-helpers.js:95:19
      at getByRole 
(src/features/custom-sign/component/customSign.test.tsx:32:30)
      at Object.selectSize 
(src/features/custom-sign/component/customSign.test.tsx:88:5)

  ΓùÅ CustomSignScreen ΓÇ║ displays the preview image and text fields after a 
successful lookup

    TestingLibraryElementError: Unable to find an accessible element with the 
role "combobox" and name `/select size/i`

    Here are the accessible roles:

      heading:

      Name "customSign.title":
      [36m<h2 />[39m

      Name "Sign preview will be shown here":
      [36m<h2 />[39m

      --------------------------------------------------
      list:

      Name "":
      [36m<ul />[39m

      Name "":
      [36m<ul />[39m

      Name "":
      [36m<ul />[39m

      Name "":
      [36m<ul />[39m

      --------------------------------------------------
      listitem:

      Name "":
      [36m<li />[39m

      Name "":
      [36m<li />[39m

      Name "":
      [36m<li />[39m

      Name "":
      [36m<li />[39m

      Name "":
      [36m<li />[39m

      Name "":
      [36m<li />[39m

      Name "":
      [36m<li />[39m

      Name "":
      [36m<li />[39m

      Name "":
      [36m<li />[39m

      --------------------------------------------------
      textbox:

      Name "Item number or UPC":
      [36m<input[39m
        [33maria-invalid[39m=[32m"false"[39m
        [33maria-label[39m=[32m"Item number or UPC"[39m
        [33mclass[39m=[32m"MuiInputBase-input MuiOutlinedInput-input 
MuiInputBase-inputSizeSmall 
css-dr49fi-MuiInputBase-input-MuiOutlinedInput-input"[39m
        [33mid[39m=[32m":rf:"[39m
        [33mplaceholder[39m=[32m"customSign.form.itemUpcPlaceholder"[39m
        [33mtype[39m=[32m"text"[39m
        [33mvalue[39m=[32m""[39m
      [36m/>[39m

      --------------------------------------------------
      combobox:

      Name "sizes.selectPrompt":
      [36m<div[39m
        [33maria-expanded[39m=[32m"false"[39m
        [33maria-haspopup[39m=[32m"listbox"[39m
        [33maria-label[39m=[32m"sizes.selectPrompt"[39m
        [33mclass[39m=[32m"MuiSelect-select MuiSelect-outlined 
MuiInputBase-input MuiOutlinedInput-input MuiInputBase-inputSizeSmall css-1cvg5
ae-MuiNativeSelect-root-MuiSelect-select-MuiInputBase-input-MuiOutlinedInput-in
put"[39m
        [33mrole[39m=[32m"combobox"[39m
        [33mtabindex[39m=[32m"0"[39m
      [36m/>[39m

      --------------------------------------------------
      button:

      Name "customSign.actions.reset":
      [36m<button[39m
        [33mclass[39m=[32m"primaryButtonOutline"[39m
      [36m/>[39m

      Name "customSign.form.lookup":
      [36m<button[39m
        [33maria-busy[39m=[32m"false"[39m
        [33mclass[39m=[32m"primaryButton"[39m
        [33mdisabled[39m=[32m""[39m
      [36m/>[39m

      Name "customSign.actions.print":
      [36m<button[39m
        [33maria-busy[39m=[32m"false"[39m
        [33mclass[39m=[32m"primaryButton"[39m
        [33mdisabled[39m=[32m""[39m
      [36m/>[39m

      --------------------------------------------------
      spinbutton:

      Name "Print quantity":
      [36m<input[39m
        [33maria-invalid[39m=[32m"false"[39m
        [33maria-label[39m=[32m"Print quantity"[39m
        [33mclass[39m=[32m"MuiInputBase-input MuiOutlinedInput-input 
MuiInputBase-inputSizeSmall 
css-dr49fi-MuiInputBase-input-MuiOutlinedInput-input"[39m
        [33mid[39m=[32m":rh:"[39m
        [33mmax[39m=[32m"99"[39m
        [33mmin[39m=[32m"1"[39m
        [33mplaceholder[39m=[32m"1"[39m
        [33mtype[39m=[32m"number"[39m
        [33mvalue[39m=[32m"1"[39m
      [36m/>[39m

      --------------------------------------------------

    Ignored nodes: comments, script, style
    [36m<body>[39m
      [36m<div>[39m
        [36m<div[39m
          [33mclass[39m=[32m"contentWrap"[39m
        [36m>[39m
          [36m<div[39m
            [33mclass[39m=[32m"topContentBar"[39m
          [36m>[39m
            [36m<div[39m
              [33mclass[39m=[32m"topTitle"[39m
            [36m>[39m
              [36m<h2>[39m
                [0mcustomSign.title[0m
              [36m</h2>[39m
            [36m</div>[39m
            [36m<div[39m
              [33mclass[39m=[32m"actionWrap"[39m
            [36m>[39m
              [36m<ul>[39m
                [36m<li>[39m
                  [36m<i>[39m
                    [36m<svg[39m
                      [33mfill[39m=[32m"none"[39m
                      [33mheight[39m=[32m"2"[39m
                      [33mviewBox[39m=[32m"0 0 16 2"[39m
                      [33mwidth[39m=[32m"16"[39m
                      [33mxmlns[39m=[32m"http://www.w3.org/2000/svg"[39m
                    [36m>[39m
                      [36m<path[39m
                        [33md[39m=[32m"M16 0H0V2H16V0Z"[39m
                        [33mfill[39m=[32m"#79747E"[39m
                      [36m/>[39m
                    [36m</svg>[39m
                  [36m</i>[39m
                [36m</li>[39m
                [36m<li>[39m
                  [36m<i>[39m
                    [36m<svg[39m
                      [33mfill[39m=[32m"none"[39m
                      [33mheight[39m=[32m"15"[39m
                      [33mviewBox[39m=[32m"0 0 15 15"[39m
                      [33mwidth[39m=[32m"15"[39m
                      [33mxmlns[39m=[32m"http://www.w3.org/2000/svg"[39m
                    [36m>[39m
                      [36m<path[39m
                        [33md[39m=[32m"M15 6.66667V0H8.33333L11.075 
2.74167L2.74167 11.075L0 8.33333V15H6.66667L3.925 12.2583L12.2583 3.925L15 
6.66667Z"[39m
                        [33mfill[39m=[32m"#79747E"[39m
                      [36m/>[39m
                    [36m</svg>[39m
                  [36m</i>[39m
                [36m</li>[39m
                [36m<li>[39m
                  [36m<i>[39m
                    [36m<svg[39m
                      [33mfill[39m=[32m"none"[39m
                      [33mheight[39m=[32m"14"[39m
                      [33mviewBox[39m=[32m"0 0 14 14"[39m
                      [33mwidth[39m=[32m"14"[39m
                      [33mxmlns[39m=[32m"http://www.w3.org/2000/svg"[39m
                    [36m>[39m
                      [36m<path[39m
                        [33md[39m=[32m"M14 1.41L12.59 0L7 5.59L1.41 0L0 
1.41L5.59 7L0 12.59L1.41 14L7 8.41L12.59 14L14 12.59L8.41 7L14 1.41Z"[39m
                        [33mfill[39m=[32m"#79747E"[39m
                      [36m/>[39m
                    [36m</svg>[39m
                  [36m</i>[39m
                [36m</li>[39m
              [36m</ul>[39m
            [36m</div>[39m
          [36m</div>[39m
          [36m<div[39m
            [33mclass[39m=[32m"section"[39m
          [36m>[39m
            [36m<div[39m
              [33mclass[39m=[32m"gridWrap"[39m
            [36m>[39m
              [36m<div[39m
                [33mclass[39m=[32m"signDetails"[39m
              [36m>[39m
                [36m<div[39m
                  [33mclass[39m=[32m"selectSignDetails"[39m
                [36m>[39m
                  [36m<ul>[39m
                    [36m<li>[39m
                      [36m<div[39m
                        [33mclass[39m=[32m"inputLabelWrap"[39m
                      [36m>[39m
                        [36m<label[39m
                          [33mclass[39m=[32m"label"[39m
                        [36m>[39m
                          [0mcustomSign.form.itemUpc[0m
                          [36m<span[39m
                            [33mclass[39m=[32m"mandatoryStar"[39m
                          [36m>[39m
                            [0m*[0m
                          [36m</span>[39m
                        [36m</label>[39m
                        [36m<div[39m
                          [33mclass[39m=[32m"MuiFormControl-root 
MuiFormControl-fullWidth MuiTextField-root 
css-cmpglg-MuiFormControl-root-MuiTextField-root"[39m
                        [36m>[39m
                          [36m<div[39m
                            [33mclass[39m=[32m"MuiInputBase-root 
MuiOutlinedInput-root MuiInputBase-colorPrimary MuiInputBase-fullWidth 
MuiInputBase-formControl MuiInputBase-sizeSmall 
css-109vf2i-MuiInputBase-root-MuiOutlinedInput-root"[39m
                          [36m>[39m
                            [36m<input[39m
                              [33maria-invalid[39m=[32m"false"[39m
                              [33maria-label[39m=[32m"Item number or 
UPC"[39m
                              [33mclass[39m=[32m"MuiInputBase-input 
MuiOutlinedInput-input MuiInputBase-inputSizeSmall 
css-dr49fi-MuiInputBase-input-MuiOutlinedInput-input"[39m
                              [33mid[39m=[32m":rf:"[39m
                              
[33mplaceholder[39m=[32m"customSign.form.itemUpcPlaceholder"[39m
                              [33mtype[39m=[32m"text"[39m
                              [33mvalue[39m=[32m""[39m
                            [36m/>[39m
                            [36m<fieldset[39m
                              [33maria-hidden[39m=[32m"true"[39m
                              
[33mclass[39m=[32m"MuiOutlinedInput-notchedOutline 
css-18p5xg2-MuiNotchedOutlined-root-MuiOutlinedInput-notchedOutline"[39m
                            [36m>[39m
                              [36m<legend[39m
                                
[33mclass[39m=[32m"css-1nf2c5d-MuiNotchedOutlined-root"[39m
                              [36m>[39m
                                [36m<span[39m
                                  [33maria-hidden[39m=[32m"true"[39m
                                  [33mclass[39m=[32m"notranslate"[39m
                                [36m>[39m
                                  [0mΓÇï[0m
                                [36m</span>[39m
                              [36m</legend>[39m
                            [36m</fieldset>[39m
                          [36m</div>[39m
                        [36m</div>[39m
                      [36m</div>[39m
                    [36m</li>[39m
                    [36m<li>[39m
                      [36m<div[39m
                        [33mclass[39m=[32m"inputLabelWrap"[39m
                      [36m>[39m
                        [36m<label[39m
                          [33mclass[39m=[32m"label"[39m
                        [36m>[39m
                          [0mcustomSign.form.size[0m
                          [36m<span[39m
                            [33mclass[39m=[32m"mandatoryStar"[39m
                          [36m>[39m
                            [0m*[0m
                          [36m</span>[39m
                        [36m</label>[39m
                        [36m<div[39m
                          [33mclass[39m=[32m"MuiFormControl-root 
MuiFormControl-fullWidth css-ytlejw-MuiFormControl-root"[39m
                        [36m>[39m
                          [36m<div[39m
                            [33mclass[39m=[32m"MuiInputBase-root 
MuiOutlinedInput-root MuiInputBase-colorPrimary MuiInputBase-formControl 
MuiInputBase-sizeSmall MuiSelect-root 
css-1jgjaug-MuiInputBase-root-MuiOutlinedInput-root-MuiSelect-root"[39m
                          [36m>[39m
                            [36m<div[39m
                              [33maria-expanded[39m=[32m"false"[39m
                              [33maria-haspopup[39m=[32m"listbox"[39m
                              
[33maria-label[39m=[32m"sizes.selectPrompt"[39m
                              [33mclass[39m=[32m"MuiSelect-select 
MuiSelect-outlined MuiInputBase-input MuiOutlinedInput-input 
MuiInputBase-inputSizeSmall css-1cvg5ae-MuiNativeSelect-root-MuiSelect-select-M
uiInputBase-input-MuiOutlinedInput-input"[39m
                              [33mrole[39m=[32m"combobox"[39m
                              [33mtabindex[39m=[32m"0"[39m
                            [36m>[39m
                              [0msizes.selectPrompt[0m
                            [36m</div>[39m
                            [36m<input[39m
                              [33maria-hidden[39m=[32m"true"[39m
                              [33maria-invalid[39m=[32m"false"[39m
                              [33mclass[39m=[32m"MuiSelect-nativeInput 
css-j0riat-MuiSelect-nativeInput"[39m
                              [33mtabindex[39m=[32m"-1"[39m
                              [33mvalue[39m=[32m""[39m
                            [36m/>[39m
                            [36m<svg[39m
                              [33maria-hidden[39m=[32m"true"[39m
                              [33mclass[39m=[32m"MuiSvgIcon-root 
MuiSvgIcon-fontSizeMedium MuiSelect-icon MuiSelect-iconOutlined 
css-s6rmb9-MuiSvgIcon-root-MuiNativeSelect-root-MuiSelect-icon"[39m
                              
[33mdata-testid[39m=[32m"ArrowDropDownIcon"[39m
                              [33mfocusable[39m=[32m"false"[39m
                              [33mviewBox[39m=[32m"0 0 24 24"[39m
                            [36m>[39m
                              [36m<path[39m
                                [33md[39m=[32m"M7 10l5 5 5-5z"[39m
                              [36m/>[39m
                            [36m</svg>[39m
                            [36m<fieldset[39m
                              [33maria-hidden[39m=[32m"true"[39m
                              
[33mclass[39m=[32m"MuiOutlinedInput-notchedOutline 
css-18p5xg2-MuiNotchedOutlined-root-MuiOutlinedInput-notchedOutline"[39m
                            [36m>[39m
                              [36m<legend[39m
                                
[33mclass[39m=[32m"css-1nf2c5d-MuiNotchedOutlined-root"[39m
                              [36m>[39m
                                [36m<span[39m
                                  [33maria-hidden[39m=[32m"true"[39m
                                  [33mclass[39m=[32m"notranslate"[39m
                                [36m>[39m
                                  [0mΓÇï[0m
                                [36m</span>[39m
                              [36m</legend>[39m
                            [36m</fieldset>[39m
                          [36m</div>[39m
                        [36m</div>[39m
                      [36m</div>[39m
                    [36m</li>[39m
                  [36m</ul>[39m
                [36m</div>[39m
                [36m<div[39m
                  [33mclass[39m=[32m"buttonsWrap"[39m
                [36m>[39m
                  [36m<ul>[39m
                    [36m<li>[39m
                      [36m<button[39m
                        [33mclass[39m=[32m"primaryButtonOutline"[39m
                      [36m>[39m
                        [0mcustomSign.actions.reset[0m
                      [36m</button>[39m
                    [36m</li>[39m
                    [36m<li>[39m
                      [36m<button[39m
                        [33maria-busy[39m=[32m"false"[39m
                        [33mclass[39m=[32m"primaryButton"[39m
                        [33mdisabled[39m=[32m""[39m
                      [36m>[39m
                        [0mcustomSign.form.lookup[0m
                      [36m</button>[39m
                    [36m</li>[39m
                  [36m</ul>[39m
                [36m</div>[39m
              [36m</div>[39m
              [36m<div[39m
                [33mclass[39m=[32m"signPreviewWrapper"[39m
              [36m>[39m
                [36m<div[39m
                  [33mclass[39m=[32m"selectQty"[39m
                [36m>[39m
                  [36m<ul>[39m
                    [36m<li>[39m
                      [36m<div[39m
                        [33mclass[39m=[32m"inputLabelWrap"[39m
                      [36m>[39m
                        [36m<label[39m
                          [33mclass[39m=[32m"label"[39m
                        [36m>[39m
                          [0mcustomSign.form.quantity[0m
                        [36m</label>[39m
                        [36m<div[39m
                          [33mclass[39m=[32m"MuiFormControl-root 
MuiFormControl-fullWidth MuiTextField-root 
css-cmpglg-MuiFormControl-root-MuiTextField-root"[39m
                        [36m>[39m
                          [36m<div[39m
                            [33mclass[39m=[32m"MuiInputBase-root 
MuiOutlinedInput-root MuiInputBase-colorPrimary MuiInputBase-fullWidth 
MuiInputBase-formControl MuiInputBase-sizeSmall 
css-109vf2i-MuiInputBase-root-MuiOutlinedInput-root"[39m
                          [36m>[39m
                            [36m<input[39m
                              [33maria-invalid[39m=[32m"false"[39m
                              [33maria-label[39m=[32m"Print quantity"[39m
                              [33mclass[39m=[32m"MuiInputBase-input 
MuiOutlinedInput-input MuiInputBase-inputSizeSmall 
css-dr49fi-MuiInputBase-input-MuiOutlinedInput-input"[39m
                              [33mid[39m=[32m":rh:"[39m
                              [33mmax[39m=[32m"99"[39m
                              [33mmin[39m=[32m"1"[39m
                              [33mplaceholder[39m=[32m"1"[39m
                              [33mtype[39m=[32m"number"[39m
                              [33mvalue[39m=[32m"1"[39m
                            [36m/>[39m
                            [36m<fieldset[39m
                              [33maria-hidden[39m=[32m"true"[39m
                              
[33mclass[39m=[32m"MuiOutlinedInput-notchedOutline 
css-18p5xg2-MuiNotchedOutlined-root-MuiOutlinedInput-notchedOutline"[39m
                            [36m>[39m
                              [36m<legend[39m
                                
[33mclass[39m=[32m"css-1nf2c5d-MuiNotchedOutlined-root"[39m
                              [36m>[39m
                                [36m<span[39m
                                  [33maria-hidden[39m=[32m"true"[39m
                                  [33mclass[39m=[32m"notranslate"[39m
                                [36m>[39m
                                  [0mΓÇï[0m
                                [36m</span>[39m
                              [36m</legend>[39m
                            [36m</fieldset>[39m
                          [36m</div>[39m
                        [36m</div>[39m
                      [36m</div>[39m
                    [36m</li>[39m
                    [36m<li>[39m
                      [36m<button[39m
                        [33maria-busy[39m=[32m"false"[39m
                        [33mclass[39m=[32m"primaryButton"[39m
                        [33mdisabled[39m=[32m""[39m
                      [36m>[39m
                        [36m<i>[39m
                          [36m<svg[39m
                            [33mfill[39m=[32m"none"[39m
                            [33mheight[39m=[32m"18"[39m
                            [33mviewBox[39m=[32m"0 0 20 18"[39m
                            [33mwidth[39m=[32m"20"[39m
                            
[33mxmlns[39m=[32m"http://www.w3.org/2000/svg"[39m
                          [36m>[39m
                            [36m<path[39m
                              [33md[39m=[32m"M17 5H3C1.34 5 0 6.34 0 
8V14H4V18H16V14H20V8C20 6.34 18.66 5 17 5ZM14 16H6V11H14V16ZM17 9C16.45 9 16 
8.55 16 8C16 7.45 16.45 7 17 7C17.55 7 18 7.45 18 8C18 8.55 17.55 9 17 9ZM16 
0H4V4H16V0Z"[39m
                              [33mfill[39m=[32m"white"[39m
                            [36m/>[39m
                          [36m</svg>[39m
                        [36m</i>[39m
                        [36m<span>[39m
                          [0mcustomSign.actions.print[0m
                        [36m</span>[39m
                      [36m</button>[39m
                    [36m</li>[39m
                  [36m</ul>[39m
                [36m</div>[39m
                [36m<div[39m
                  [33mclass[39m=[32m"templateViewEmpty"[39m
                [36m>[39m
                  [36m<h2>[39m
                    [0mSign preview will be shown here[0m
                  [36m</h2>[39m
                [36m</div>[39m
              [36m</div>[39m
            [36m</div>[39m
          [36m</div>[39m
        [36m</div>[39m
      [36m</div>[39m
    [36m</body>[39m

    [0m [90m 30 |[39m [90m// MUI Select renders as role="combobox" with 
aria-label from inputProps.[39m
     [90m 31 |[39m [36mfunction[39m selectSize() {
    [31m[1m>[22m[39m[90m 32 |[39m   fireEvent[33m.[39mmouseDown(screen
[33m.[39mgetByRole([32m"combobox"[39m[33m,[39m { name[33m:[39m 
[35m/select size/i[39m }))[33m;[39m
     [90m    |[39m                              [31m[1m^[22m[39m
     [90m 33 |[39m   fireEvent[33m.[39mclick(screen[33m.[39mgetByRole([3
2m"option"[39m[33m,[39m { name[33m:[39m [32m"S-Small"[39m }))[33m;[39m
     [90m 34 |[39m }
     [90m 35 |[39m[0m

      at Object.getElementError 
(node_modules/@testing-library/dom/dist/config.js:37:19)
      at node_modules/@testing-library/dom/dist/query-helpers.js:76:38
      at node_modules/@testing-library/dom/dist/query-helpers.js:52:17
      at node_modules/@testing-library/dom/dist/query-helpers.js:95:19
      at getByRole 
(src/features/custom-sign/component/customSign.test.tsx:32:30)
      at Object.selectSize 
(src/features/custom-sign/component/customSign.test.tsx:110:5)

  ΓùÅ CustomSignScreen ΓÇ║ shows an error message when the render API call 
fails

    TestingLibraryElementError: Unable to find an accessible element with the 
role "combobox" and name `/select size/i`

    Here are the accessible roles:

      heading:

      Name "customSign.title":
      [36m<h2 />[39m

      Name "Sign preview will be shown here":
      [36m<h2 />[39m

      --------------------------------------------------
      list:

      Name "":
      [36m<ul />[39m

      Name "":
      [36m<ul />[39m

      Name "":
      [36m<ul />[39m

      Name "":
      [36m<ul />[39m

      --------------------------------------------------
      listitem:

      Name "":
      [36m<li />[39m

      Name "":
      [36m<li />[39m

      Name "":
      [36m<li />[39m

      Name "":
      [36m<li />[39m

      Name "":
      [36m<li />[39m

      Name "":
      [36m<li />[39m

      Name "":
      [36m<li />[39m

      Name "":
      [36m<li />[39m

      Name "":
      [36m<li />[39m

      --------------------------------------------------
      textbox:

      Name "Item number or UPC":
      [36m<input[39m
        [33maria-invalid[39m=[32m"false"[39m
        [33maria-label[39m=[32m"Item number or UPC"[39m
        [33mclass[39m=[32m"MuiInputBase-input MuiOutlinedInput-input 
MuiInputBase-inputSizeSmall 
css-dr49fi-MuiInputBase-input-MuiOutlinedInput-input"[39m
        [33mid[39m=[32m":ri:"[39m
        [33mplaceholder[39m=[32m"customSign.form.itemUpcPlaceholder"[39m
        [33mtype[39m=[32m"text"[39m
        [33mvalue[39m=[32m""[39m
      [36m/>[39m

      --------------------------------------------------
      combobox:

      Name "sizes.selectPrompt":
      [36m<div[39m
        [33maria-expanded[39m=[32m"false"[39m
        [33maria-haspopup[39m=[32m"listbox"[39m
        [33maria-label[39m=[32m"sizes.selectPrompt"[39m
        [33mclass[39m=[32m"MuiSelect-select MuiSelect-outlined 
MuiInputBase-input MuiOutlinedInput-input MuiInputBase-inputSizeSmall css-1cvg5
ae-MuiNativeSelect-root-MuiSelect-select-MuiInputBase-input-MuiOutlinedInput-in
put"[39m
        [33mrole[39m=[32m"combobox"[39m
        [33mtabindex[39m=[32m"0"[39m
      [36m/>[39m

      --------------------------------------------------
      button:

      Name "customSign.actions.reset":
      [36m<button[39m
        [33mclass[39m=[32m"primaryButtonOutline"[39m
      [36m/>[39m

      Name "customSign.form.lookup":
      [36m<button[39m
        [33maria-busy[39m=[32m"false"[39m
        [33mclass[39m=[32m"primaryButton"[39m
        [33mdisabled[39m=[32m""[39m
      [36m/>[39m

      Name "customSign.actions.print":
      [36m<button[39m
        [33maria-busy[39m=[32m"false"[39m
        [33mclass[39m=[32m"primaryButton"[39m
        [33mdisabled[39m=[32m""[39m
      [36m/>[39m

      --------------------------------------------------
      spinbutton:

      Name "Print quantity":
      [36m<input[39m
        [33maria-invalid[39m=[32m"false"[39m
        [33maria-label[39m=[32m"Print quantity"[39m
        [33mclass[39m=[32m"MuiInputBase-input MuiOutlinedInput-input 
MuiInputBase-inputSizeSmall 
css-dr49fi-MuiInputBase-input-MuiOutlinedInput-input"[39m
        [33mid[39m=[32m":rk:"[39m
        [33mmax[39m=[32m"99"[39m
        [33mmin[39m=[32m"1"[39m
        [33mplaceholder[39m=[32m"1"[39m
        [33mtype[39m=[32m"number"[39m
        [33mvalue[39m=[32m"1"[39m
      [36m/>[39m

      --------------------------------------------------

    Ignored nodes: comments, script, style
    [36m<body>[39m
      [36m<div>[39m
        [36m<div[39m
          [33mclass[39m=[32m"contentWrap"[39m
        [36m>[39m
          [36m<div[39m
            [33mclass[39m=[32m"topContentBar"[39m
          [36m>[39m
            [36m<div[39m
              [33mclass[39m=[32m"topTitle"[39m
            [36m>[39m
              [36m<h2>[39m
                [0mcustomSign.title[0m
              [36m</h2>[39m
            [36m</div>[39m
            [36m<div[39m
              [33mclass[39m=[32m"actionWrap"[39m
            [36m>[39m
              [36m<ul>[39m
                [36m<li>[39m
                  [36m<i>[39m
                    [36m<svg[39m
                      [33mfill[39m=[32m"none"[39m
                      [33mheight[39m=[32m"2"[39m
                      [33mviewBox[39m=[32m"0 0 16 2"[39m
                      [33mwidth[39m=[32m"16"[39m
                      [33mxmlns[39m=[32m"http://www.w3.org/2000/svg"[39m
                    [36m>[39m
                      [36m<path[39m
                        [33md[39m=[32m"M16 0H0V2H16V0Z"[39m
                        [33mfill[39m=[32m"#79747E"[39m
                      [36m/>[39m
                    [36m</svg>[39m
                  [36m</i>[39m
                [36m</li>[39m
                [36m<li>[39m
                  [36m<i>[39m
                    [36m<svg[39m
                      [33mfill[39m=[32m"none"[39m
                      [33mheight[39m=[32m"15"[39m
                      [33mviewBox[39m=[32m"0 0 15 15"[39m
                      [33mwidth[39m=[32m"15"[39m
                      [33mxmlns[39m=[32m"http://www.w3.org/2000/svg"[39m
                    [36m>[39m
                      [36m<path[39m
                        [33md[39m=[32m"M15 6.66667V0H8.33333L11.075 
2.74167L2.74167 11.075L0 8.33333V15H6.66667L3.925 12.2583L12.2583 3.925L15 
6.66667Z"[39m
                        [33mfill[39m=[32m"#79747E"[39m
                      [36m/>[39m
                    [36m</svg>[39m
                  [36m</i>[39m
                [36m</li>[39m
                [36m<li>[39m
                  [36m<i>[39m
                    [36m<svg[39m
                      [33mfill[39m=[32m"none"[39m
                      [33mheight[39m=[32m"14"[39m
                      [33mviewBox[39m=[32m"0 0 14 14"[39m
                      [33mwidth[39m=[32m"14"[39m
                      [33mxmlns[39m=[32m"http://www.w3.org/2000/svg"[39m
                    [36m>[39m
                      [36m<path[39m
                        [33md[39m=[32m"M14 1.41L12.59 0L7 5.59L1.41 0L0 
1.41L5.59 7L0 12.59L1.41 14L7 8.41L12.59 14L14 12.59L8.41 7L14 1.41Z"[39m
                        [33mfill[39m=[32m"#79747E"[39m
                      [36m/>[39m
                    [36m</svg>[39m
                  [36m</i>[39m
                [36m</li>[39m
              [36m</ul>[39m
            [36m</div>[39m
          [36m</div>[39m
          [36m<div[39m
            [33mclass[39m=[32m"section"[39m
          [36m>[39m
            [36m<div[39m
              [33mclass[39m=[32m"gridWrap"[39m
            [36m>[39m
              [36m<div[39m
                [33mclass[39m=[32m"signDetails"[39m
              [36m>[39m
                [36m<div[39m
                  [33mclass[39m=[32m"selectSignDetails"[39m
                [36m>[39m
                  [36m<ul>[39m
                    [36m<li>[39m
                      [36m<div[39m
                        [33mclass[39m=[32m"inputLabelWrap"[39m
                      [36m>[39m
                        [36m<label[39m
                          [33mclass[39m=[32m"label"[39m
                        [36m>[39m
                          [0mcustomSign.form.itemUpc[0m
                          [36m<span[39m
                            [33mclass[39m=[32m"mandatoryStar"[39m
                          [36m>[39m
                            [0m*[0m
                          [36m</span>[39m
                        [36m</label>[39m
                        [36m<div[39m
                          [33mclass[39m=[32m"MuiFormControl-root 
MuiFormControl-fullWidth MuiTextField-root 
css-cmpglg-MuiFormControl-root-MuiTextField-root"[39m
                        [36m>[39m
                          [36m<div[39m
                            [33mclass[39m=[32m"MuiInputBase-root 
MuiOutlinedInput-root MuiInputBase-colorPrimary MuiInputBase-fullWidth 
MuiInputBase-formControl MuiInputBase-sizeSmall 
css-109vf2i-MuiInputBase-root-MuiOutlinedInput-root"[39m
                          [36m>[39m
                            [36m<input[39m
                              [33maria-invalid[39m=[32m"false"[39m
                              [33maria-label[39m=[32m"Item number or 
UPC"[39m
                              [33mclass[39m=[32m"MuiInputBase-input 
MuiOutlinedInput-input MuiInputBase-inputSizeSmall 
css-dr49fi-MuiInputBase-input-MuiOutlinedInput-input"[39m
                              [33mid[39m=[32m":ri:"[39m
                              
[33mplaceholder[39m=[32m"customSign.form.itemUpcPlaceholder"[39m
                              [33mtype[39m=[32m"text"[39m
                              [33mvalue[39m=[32m""[39m
                            [36m/>[39m
                            [36m<fieldset[39m
                              [33maria-hidden[39m=[32m"true"[39m
                              
[33mclass[39m=[32m"MuiOutlinedInput-notchedOutline 
css-18p5xg2-MuiNotchedOutlined-root-MuiOutlinedInput-notchedOutline"[39m
                            [36m>[39m
                              [36m<legend[39m
                                
[33mclass[39m=[32m"css-1nf2c5d-MuiNotchedOutlined-root"[39m
                              [36m>[39m
                                [36m<span[39m
                                  [33maria-hidden[39m=[32m"true"[39m
                                  [33mclass[39m=[32m"notranslate"[39m
                                [36m>[39m
                                  [0mΓÇï[0m
                                [36m</span>[39m
                              [36m</legend>[39m
                            [36m</fieldset>[39m
                          [36m</div>[39m
                        [36m</div>[39m
                      [36m</div>[39m
                    [36m</li>[39m
                    [36m<li>[39m
                      [36m<div[39m
                        [33mclass[39m=[32m"inputLabelWrap"[39m
                      [36m>[39m
                        [36m<label[39m
                          [33mclass[39m=[32m"label"[39m
                        [36m>[39m
                          [0mcustomSign.form.size[0m
                          [36m<span[39m
                            [33mclass[39m=[32m"mandatoryStar"[39m
                          [36m>[39m
                            [0m*[0m
                          [36m</span>[39m
                        [36m</label>[39m
                        [36m<div[39m
                          [33mclass[39m=[32m"MuiFormControl-root 
MuiFormControl-fullWidth css-ytlejw-MuiFormControl-root"[39m
                        [36m>[39m
                          [36m<div[39m
                            [33mclass[39m=[32m"MuiInputBase-root 
MuiOutlinedInput-root MuiInputBase-colorPrimary MuiInputBase-formControl 
MuiInputBase-sizeSmall MuiSelect-root 
css-1jgjaug-MuiInputBase-root-MuiOutlinedInput-root-MuiSelect-root"[39m
                          [36m>[39m
                            [36m<div[39m
                              [33maria-expanded[39m=[32m"false"[39m
                              [33maria-haspopup[39m=[32m"listbox"[39m
                              
[33maria-label[39m=[32m"sizes.selectPrompt"[39m
                              [33mclass[39m=[32m"MuiSelect-select 
MuiSelect-outlined MuiInputBase-input MuiOutlinedInput-input 
MuiInputBase-inputSizeSmall css-1cvg5ae-MuiNativeSelect-root-MuiSelect-select-M
uiInputBase-input-MuiOutlinedInput-input"[39m
                              [33mrole[39m=[32m"combobox"[39m
                              [33mtabindex[39m=[32m"0"[39m
                            [36m>[39m
                              [0msizes.selectPrompt[0m
                            [36m</div>[39m
                            [36m<input[39m
                              [33maria-hidden[39m=[32m"true"[39m
                              [33maria-invalid[39m=[32m"false"[39m
                              [33mclass[39m=[32m"MuiSelect-nativeInput 
css-j0riat-MuiSelect-nativeInput"[39m
                              [33mtabindex[39m=[32m"-1"[39m
                              [33mvalue[39m=[32m""[39m
                            [36m/>[39m
                            [36m<svg[39m
                              [33maria-hidden[39m=[32m"true"[39m
                              [33mclass[39m=[32m"MuiSvgIcon-root 
MuiSvgIcon-fontSizeMedium MuiSelect-icon MuiSelect-iconOutlined 
css-s6rmb9-MuiSvgIcon-root-MuiNativeSelect-root-MuiSelect-icon"[39m
                              
[33mdata-testid[39m=[32m"ArrowDropDownIcon"[39m
                              [33mfocusable[39m=[32m"false"[39m
                              [33mviewBox[39m=[32m"0 0 24 24"[39m
                            [36m>[39m
                              [36m<path[39m
                                [33md[39m=[32m"M7 10l5 5 5-5z"[39m
                              [36m/>[39m
                            [36m</svg>[39m
                            [36m<fieldset[39m
                              [33maria-hidden[39m=[32m"true"[39m
                              
[33mclass[39m=[32m"MuiOutlinedInput-notchedOutline 
css-18p5xg2-MuiNotchedOutlined-root-MuiOutlinedInput-notchedOutline"[39m
                            [36m>[39m
                              [36m<legend[39m
                                
[33mclass[39m=[32m"css-1nf2c5d-MuiNotchedOutlined-root"[39m
                              [36m>[39m
                                [36m<span[39m
                                  [33maria-hidden[39m=[32m"true"[39m
                                  [33mclass[39m=[32m"notranslate"[39m
                                [36m>[39m
                                  [0mΓÇï[0m
                                [36m</span>[39m
                              [36m</legend>[39m
                            [36m</fieldset>[39m
                          [36m</div>[39m
                        [36m</div>[39m
                      [36m</div>[39m
                    [36m</li>[39m
                  [36m</ul>[39m
                [36m</div>[39m
                [36m<div[39m
                  [33mclass[39m=[32m"buttonsWrap"[39m
                [36m>[39m
                  [36m<ul>[39m
                    [36m<li>[39m
                      [36m<button[39m
                        [33mclass[39m=[32m"primaryButtonOutline"[39m
                      [36m>[39m
                        [0mcustomSign.actions.reset[0m
                      [36m</button>[39m
                    [36m</li>[39m
                    [36m<li>[39m
                      [36m<button[39m
                        [33maria-busy[39m=[32m"false"[39m
                        [33mclass[39m=[32m"primaryButton"[39m
                        [33mdisabled[39m=[32m""[39m
                      [36m>[39m
                        [0mcustomSign.form.lookup[0m
                      [36m</button>[39m
                    [36m</li>[39m
                  [36m</ul>[39m
                [36m</div>[39m
              [36m</div>[39m
              [36m<div[39m
                [33mclass[39m=[32m"signPreviewWrapper"[39m
              [36m>[39m
                [36m<div[39m
                  [33mclass[39m=[32m"selectQty"[39m
                [36m>[39m
                  [36m<ul>[39m
                    [36m<li>[39m
                      [36m<div[39m
                        [33mclass[39m=[32m"inputLabelWrap"[39m
                      [36m>[39m
                        [36m<label[39m
                          [33mclass[39m=[32m"label"[39m
                        [36m>[39m
                          [0mcustomSign.form.quantity[0m
                        [36m</label>[39m
                        [36m<div[39m
                          [33mclass[39m=[32m"MuiFormControl-root 
MuiFormControl-fullWidth MuiTextField-root 
css-cmpglg-MuiFormControl-root-MuiTextField-root"[39m
                        [36m>[39m
                          [36m<div[39m
                            [33mclass[39m=[32m"MuiInputBase-root 
MuiOutlinedInput-root MuiInputBase-colorPrimary MuiInputBase-fullWidth 
MuiInputBase-formControl MuiInputBase-sizeSmall 
css-109vf2i-MuiInputBase-root-MuiOutlinedInput-root"[39m
                          [36m>[39m
                            [36m<input[39m
                              [33maria-invalid[39m=[32m"false"[39m
                              [33maria-label[39m=[32m"Print quantity"[39m
                              [33mclass[39m=[32m"MuiInputBase-input 
MuiOutlinedInput-input MuiInputBase-inputSizeSmall 
css-dr49fi-MuiInputBase-input-MuiOutlinedInput-input"[39m
                              [33mid[39m=[32m":rk:"[39m
                              [33mmax[39m=[32m"99"[39m
                              [33mmin[39m=[32m"1"[39m
                              [33mplaceholder[39m=[32m"1"[39m
                              [33mtype[39m=[32m"number"[39m
                              [33mvalue[39m=[32m"1"[39m
                            [36m/>[39m
                            [36m<fieldset[39m
                              [33maria-hidden[39m=[32m"true"[39m
                              
[33mclass[39m=[32m"MuiOutlinedInput-notchedOutline 
css-18p5xg2-MuiNotchedOutlined-root-MuiOutlinedInput-notchedOutline"[39m
                            [36m>[39m
                              [36m<legend[39m
                                
[33mclass[39m=[32m"css-1nf2c5d-MuiNotchedOutlined-root"[39m
                              [36m>[39m
                                [36m<span[39m
                                  [33maria-hidden[39m=[32m"true"[39m
                                  [33mclass[39m=[32m"notranslate"[39m
                                [36m>[39m
                                  [0mΓÇï[0m
                                [36m</span>[39m
                              [36m</legend>[39m
                            [36m</fieldset>[39m
                          [36m</div>[39m
                        [36m</div>[39m
                      [36m</div>[39m
                    [36m</li>[39m
                    [36m<li>[39m
                      [36m<button[39m
                        [33maria-busy[39m=[32m"false"[39m
                        [33mclass[39m=[32m"primaryButton"[39m
                        [33mdisabled[39m=[32m""[39m
                      [36m>[39m
                        [36m<i>[39m
                          [36m<svg[39m
                            [33mfill[39m=[32m"none"[39m
                            [33mheight[39m=[32m"18"[39m
                            [33mviewBox[39m=[32m"0 0 20 18"[39m
                            [33mwidth[39m=[32m"20"[39m
                            
[33mxmlns[39m=[32m"http://www.w3.org/2000/svg"[39m
                          [36m>[39m
                            [36m<path[39m
                              [33md[39m=[32m"M17 5H3C1.34 5 0 6.34 0 
8V14H4V18H16V14H20V8C20 6.34 18.66 5 17 5ZM14 16H6V11H14V16ZM17 9C16.45 9 16 
8.55 16 8C16 7.45 16.45 7 17 7C17.55 7 18 7.45 18 8C18 8.55 17.55 9 17 9ZM16 
0H4V4H16V0Z"[39m
                              [33mfill[39m=[32m"white"[39m
                            [36m/>[39m
                          [36m</svg>[39m
                        [36m</i>[39m
                        [36m<span>[39m
                          [0mcustomSign.actions.print[0m
                        [36m</span>[39m
                      [36m</button>[39m
                    [36m</li>[39m
                  [36m</ul>[39m
                [36m</div>[39m
                [36m<div[39m
                  [33mclass[39m=[32m"templateViewEmpty"[39m
                [36m>[39m
                  [36m<h2>[39m
                    [0mSign preview will be shown here[0m
                  [36m</h2>[39m
                [36m</div>[39m
              [36m</div>[39m
            [36m</div>[39m
          [36m</div>[39m
        [36m</div>[39m
      [36m</div>[39m
    [36m</body>[39m

    [0m [90m 30 |[39m [90m// MUI Select renders as role="combobox" with 
aria-label from inputProps.[39m
     [90m 31 |[39m [36mfunction[39m selectSize() {
    [31m[1m>[22m[39m[90m 32 |[39m   fireEvent[33m.[39mmouseDown(screen
[33m.[39mgetByRole([32m"combobox"[39m[33m,[39m { name[33m:[39m 
[35m/select size/i[39m }))[33m;[39m
     [90m    |[39m                              [31m[1m^[22m[39m
     [90m 33 |[39m   fireEvent[33m.[39mclick(screen[33m.[39mgetByRole([3
2m"option"[39m[33m,[39m { name[33m:[39m [32m"S-Small"[39m }))[33m;[39m
     [90m 34 |[39m }
     [90m 35 |[39m[0m

      at Object.getElementError 
(node_modules/@testing-library/dom/dist/config.js:37:19)
      at node_modules/@testing-library/dom/dist/query-helpers.js:76:38
      at node_modules/@testing-library/dom/dist/query-helpers.js:52:17
      at node_modules/@testing-library/dom/dist/query-helpers.js:95:19
      at getByRole 
(src/features/custom-sign/component/customSign.test.tsx:32:30)
      at Object.selectSize 
(src/features/custom-sign/component/customSign.test.tsx:130:5)

  ΓùÅ CustomSignScreen ΓÇ║ resets state and hides text fields when Reset is 
clicked

    TestingLibraryElementError: Unable to find an accessible element with the 
role "combobox" and name `/select size/i`

    Here are the accessible roles:

      heading:

      Name "customSign.title":
      [36m<h2 />[39m

      Name "Sign preview will be shown here":
      [36m<h2 />[39m

      --------------------------------------------------
      list:

      Name "":
      [36m<ul />[39m

      Name "":
      [36m<ul />[39m

      Name "":
      [36m<ul />[39m

      Name "":
      [36m<ul />[39m

      --------------------------------------------------
      listitem:

      Name "":
      [36m<li />[39m

      Name "":
      [36m<li />[39m

      Name "":
      [36m<li />[39m

      Name "":
      [36m<li />[39m

      Name "":
      [36m<li />[39m

      Name "":
      [36m<li />[39m

      Name "":
      [36m<li />[39m

      Name "":
      [36m<li />[39m

      Name "":
      [36m<li />[39m

      --------------------------------------------------
      textbox:

      Name "Item number or UPC":
      [36m<input[39m
        [33maria-invalid[39m=[32m"false"[39m
        [33maria-label[39m=[32m"Item number or UPC"[39m
        [33mclass[39m=[32m"MuiInputBase-input MuiOutlinedInput-input 
MuiInputBase-inputSizeSmall 
css-dr49fi-MuiInputBase-input-MuiOutlinedInput-input"[39m
        [33mid[39m=[32m":rl:"[39m
        [33mplaceholder[39m=[32m"customSign.form.itemUpcPlaceholder"[39m
        [33mtype[39m=[32m"text"[39m
        [33mvalue[39m=[32m""[39m
      [36m/>[39m

      --------------------------------------------------
      combobox:

      Name "sizes.selectPrompt":
      [36m<div[39m
        [33maria-expanded[39m=[32m"false"[39m
        [33maria-haspopup[39m=[32m"listbox"[39m
        [33maria-label[39m=[32m"sizes.selectPrompt"[39m
        [33mclass[39m=[32m"MuiSelect-select MuiSelect-outlined 
MuiInputBase-input MuiOutlinedInput-input MuiInputBase-inputSizeSmall css-1cvg5
ae-MuiNativeSelect-root-MuiSelect-select-MuiInputBase-input-MuiOutlinedInput-in
put"[39m
        [33mrole[39m=[32m"combobox"[39m
        [33mtabindex[39m=[32m"0"[39m
      [36m/>[39m

      --------------------------------------------------
      button:

      Name "customSign.actions.reset":
      [36m<button[39m
        [33mclass[39m=[32m"primaryButtonOutline"[39m
      [36m/>[39m

      Name "customSign.form.lookup":
      [36m<button[39m
        [33maria-busy[39m=[32m"false"[39m
        [33mclass[39m=[32m"primaryButton"[39m
        [33mdisabled[39m=[32m""[39m
      [36m/>[39m

      Name "customSign.actions.print":
      [36m<button[39m
        [33maria-busy[39m=[32m"false"[39m
        [33mclass[39m=[32m"primaryButton"[39m
        [33mdisabled[39m=[32m""[39m
      [36m/>[39m

      --------------------------------------------------
      spinbutton:

      Name "Print quantity":
      [36m<input[39m
        [33maria-invalid[39m=[32m"false"[39m
        [33maria-label[39m=[32m"Print quantity"[39m
        [33mclass[39m=[32m"MuiInputBase-input MuiOutlinedInput-input 
MuiInputBase-inputSizeSmall 
css-dr49fi-MuiInputBase-input-MuiOutlinedInput-input"[39m
        [33mid[39m=[32m":rn:"[39m
        [33mmax[39m=[32m"99"[39m
        [33mmin[39m=[32m"1"[39m
        [33mplaceholder[39m=[32m"1"[39m
        [33mtype[39m=[32m"number"[39m
        [33mvalue[39m=[32m"1"[39m
      [36m/>[39m

      --------------------------------------------------

    Ignored nodes: comments, script, style
    [36m<body>[39m
      [36m<div>[39m
        [36m<div[39m
          [33mclass[39m=[32m"contentWrap"[39m
        [36m>[39m
          [36m<div[39m
            [33mclass[39m=[32m"topContentBar"[39m
          [36m>[39m
            [36m<div[39m
              [33mclass[39m=[32m"topTitle"[39m
            [36m>[39m
              [36m<h2>[39m
                [0mcustomSign.title[0m
              [36m</h2>[39m
            [36m</div>[39m
            [36m<div[39m
              [33mclass[39m=[32m"actionWrap"[39m
            [36m>[39m
              [36m<ul>[39m
                [36m<li>[39m
                  [36m<i>[39m
                    [36m<svg[39m
                      [33mfill[39m=[32m"none"[39m
                      [33mheight[39m=[32m"2"[39m
                      [33mviewBox[39m=[32m"0 0 16 2"[39m
                      [33mwidth[39m=[32m"16"[39m
                      [33mxmlns[39m=[32m"http://www.w3.org/2000/svg"[39m
                    [36m>[39m
                      [36m<path[39m
                        [33md[39m=[32m"M16 0H0V2H16V0Z"[39m
                        [33mfill[39m=[32m"#79747E"[39m
                      [36m/>[39m
                    [36m</svg>[39m
                  [36m</i>[39m
                [36m</li>[39m
                [36m<li>[39m
                  [36m<i>[39m
                    [36m<svg[39m
                      [33mfill[39m=[32m"none"[39m
                      [33mheight[39m=[32m"15"[39m
                      [33mviewBox[39m=[32m"0 0 15 15"[39m
                      [33mwidth[39m=[32m"15"[39m
                      [33mxmlns[39m=[32m"http://www.w3.org/2000/svg"[39m
                    [36m>[39m
                      [36m<path[39m
                        [33md[39m=[32m"M15 6.66667V0H8.33333L11.075 
2.74167L2.74167 11.075L0 8.33333V15H6.66667L3.925 12.2583L12.2583 3.925L15 
6.66667Z"[39m
                        [33mfill[39m=[32m"#79747E"[39m
                      [36m/>[39m
                    [36m</svg>[39m
                  [36m</i>[39m
                [36m</li>[39m
                [36m<li>[39m
                  [36m<i>[39m
                    [36m<svg[39m
                      [33mfill[39m=[32m"none"[39m
                      [33mheight[39m=[32m"14"[39m
                      [33mviewBox[39m=[32m"0 0 14 14"[39m
                      [33mwidth[39m=[32m"14"[39m
                      [33mxmlns[39m=[32m"http://www.w3.org/2000/svg"[39m
                    [36m>[39m
                      [36m<path[39m
                        [33md[39m=[32m"M14 1.41L12.59 0L7 5.59L1.41 0L0 
1.41L5.59 7L0 12.59L1.41 14L7 8.41L12.59 14L14 12.59L8.41 7L14 1.41Z"[39m
                        [33mfill[39m=[32m"#79747E"[39m
                      [36m/>[39m
                    [36m</svg>[39m
                  [36m</i>[39m
                [36m</li>[39m
              [36m</ul>[39m
            [36m</div>[39m
          [36m</div>[39m
          [36m<div[39m
            [33mclass[39m=[32m"section"[39m
          [36m>[39m
            [36m<div[39m
              [33mclass[39m=[32m"gridWrap"[39m
            [36m>[39m
              [36m<div[39m
                [33mclass[39m=[32m"signDetails"[39m
              [36m>[39m
                [36m<div[39m
                  [33mclass[39m=[32m"selectSignDetails"[39m
                [36m>[39m
                  [36m<ul>[39m
                    [36m<li>[39m
                      [36m<div[39m
                        [33mclass[39m=[32m"inputLabelWrap"[39m
                      [36m>[39m
                        [36m<label[39m
                          [33mclass[39m=[32m"label"[39m
                        [36m>[39m
                          [0mcustomSign.form.itemUpc[0m
                          [36m<span[39m
                            [33mclass[39m=[32m"mandatoryStar"[39m
                          [36m>[39m
                            [0m*[0m
                          [36m</span>[39m
                        [36m</label>[39m
                        [36m<div[39m
                          [33mclass[39m=[32m"MuiFormControl-root 
MuiFormControl-fullWidth MuiTextField-root 
css-cmpglg-MuiFormControl-root-MuiTextField-root"[39m
                        [36m>[39m
                          [36m<div[39m
                            [33mclass[39m=[32m"MuiInputBase-root 
MuiOutlinedInput-root MuiInputBase-colorPrimary MuiInputBase-fullWidth 
MuiInputBase-formControl MuiInputBase-sizeSmall 
css-109vf2i-MuiInputBase-root-MuiOutlinedInput-root"[39m
                          [36m>[39m
                            [36m<input[39m
                              [33maria-invalid[39m=[32m"false"[39m
                              [33maria-label[39m=[32m"Item number or 
UPC"[39m
                              [33mclass[39m=[32m"MuiInputBase-input 
MuiOutlinedInput-input MuiInputBase-inputSizeSmall 
css-dr49fi-MuiInputBase-input-MuiOutlinedInput-input"[39m
                              [33mid[39m=[32m":rl:"[39m
                              
[33mplaceholder[39m=[32m"customSign.form.itemUpcPlaceholder"[39m
                              [33mtype[39m=[32m"text"[39m
                              [33mvalue[39m=[32m""[39m
                            [36m/>[39m
                            [36m<fieldset[39m
                              [33maria-hidden[39m=[32m"true"[39m
                              
[33mclass[39m=[32m"MuiOutlinedInput-notchedOutline 
css-18p5xg2-MuiNotchedOutlined-root-MuiOutlinedInput-notchedOutline"[39m
                            [36m>[39m
                              [36m<legend[39m
                                
[33mclass[39m=[32m"css-1nf2c5d-MuiNotchedOutlined-root"[39m
                              [36m>[39m
                                [36m<span[39m
                                  [33maria-hidden[39m=[32m"true"[39m
                                  [33mclass[39m=[32m"notranslate"[39m
                                [36m>[39m
                                  [0mΓÇï[0m
                                [36m</span>[39m
                              [36m</legend>[39m
                            [36m</fieldset>[39m
                          [36m</div>[39m
                        [36m</div>[39m
                      [36m</div>[39m
                    [36m</li>[39m
                    [36m<li>[39m
                      [36m<div[39m
                        [33mclass[39m=[32m"inputLabelWrap"[39m
                      [36m>[39m
                        [36m<label[39m
                          [33mclass[39m=[32m"label"[39m
                        [36m>[39m
                          [0mcustomSign.form.size[0m
                          [36m<span[39m
                            [33mclass[39m=[32m"mandatoryStar"[39m
                          [36m>[39m
                            [0m*[0m
                          [36m</span>[39m
                        [36m</label>[39m
                        [36m<div[39m
                          [33mclass[39m=[32m"MuiFormControl-root 
MuiFormControl-fullWidth css-ytlejw-MuiFormControl-root"[39m
                        [36m>[39m
                          [36m<div[39m
                            [33mclass[39m=[32m"MuiInputBase-root 
MuiOutlinedInput-root MuiInputBase-colorPrimary MuiInputBase-formControl 
MuiInputBase-sizeSmall MuiSelect-root 
css-1jgjaug-MuiInputBase-root-MuiOutlinedInput-root-MuiSelect-root"[39m
                          [36m>[39m
                            [36m<div[39m
                              [33maria-expanded[39m=[32m"false"[39m
                              [33maria-haspopup[39m=[32m"listbox"[39m
                              
[33maria-label[39m=[32m"sizes.selectPrompt"[39m
                              [33mclass[39m=[32m"MuiSelect-select 
MuiSelect-outlined MuiInputBase-input MuiOutlinedInput-input 
MuiInputBase-inputSizeSmall css-1cvg5ae-MuiNativeSelect-root-MuiSelect-select-M
uiInputBase-input-MuiOutlinedInput-input"[39m
                              [33mrole[39m=[32m"combobox"[39m
                              [33mtabindex[39m=[32m"0"[39m
                            [36m>[39m
                              [0msizes.selectPrompt[0m
                            [36m</div>[39m
                            [36m<input[39m
                              [33maria-hidden[39m=[32m"true"[39m
                              [33maria-invalid[39m=[32m"false"[39m
                              [33mclass[39m=[32m"MuiSelect-nativeInput 
css-j0riat-MuiSelect-nativeInput"[39m
                              [33mtabindex[39m=[32m"-1"[39m
                              [33mvalue[39m=[32m""[39m
                            [36m/>[39m
                            [36m<svg[39m
                              [33maria-hidden[39m=[32m"true"[39m
                              [33mclass[39m=[32m"MuiSvgIcon-root 
MuiSvgIcon-fontSizeMedium MuiSelect-icon MuiSelect-iconOutlined 
css-s6rmb9-MuiSvgIcon-root-MuiNativeSelect-root-MuiSelect-icon"[39m
                              
[33mdata-testid[39m=[32m"ArrowDropDownIcon"[39m
                              [33mfocusable[39m=[32m"false"[39m
                              [33mviewBox[39m=[32m"0 0 24 24"[39m
                            [36m>[39m
                              [36m<path[39m
                                [33md[39m=[32m"M7 10l5 5 5-5z"[39m
                              [36m/>[39m
                            [36m</svg>[39m
                            [36m<fieldset[39m
                              [33maria-hidden[39m=[32m"true"[39m
                              
[33mclass[39m=[32m"MuiOutlinedInput-notchedOutline 
css-18p5xg2-MuiNotchedOutlined-root-MuiOutlinedInput-notchedOutline"[39m
                            [36m>[39m
                              [36m<legend[39m
                                
[33mclass[39m=[32m"css-1nf2c5d-MuiNotchedOutlined-root"[39m
                              [36m>[39m
                                [36m<span[39m
                                  [33maria-hidden[39m=[32m"true"[39m
                                  [33mclass[39m=[32m"notranslate"[39m
                                [36m>[39m
                                  [0mΓÇï[0m
                                [36m</span>[39m
                              [36m</legend>[39m
                            [36m</fieldset>[39m
                          [36m</div>[39m
                        [36m</div>[39m
                      [36m</div>[39m
                    [36m</li>[39m
                  [36m</ul>[39m
                [36m</div>[39m
                [36m<div[39m
                  [33mclass[39m=[32m"buttonsWrap"[39m
                [36m>[39m
                  [36m<ul>[39m
                    [36m<li>[39m
                      [36m<button[39m
                        [33mclass[39m=[32m"primaryButtonOutline"[39m
                      [36m>[39m
                        [0mcustomSign.actions.reset[0m
                      [36m</button>[39m
                    [36m</li>[39m
                    [36m<li>[39m
                      [36m<button[39m
                        [33maria-busy[39m=[32m"false"[39m
                        [33mclass[39m=[32m"primaryButton"[39m
                        [33mdisabled[39m=[32m""[39m
                      [36m>[39m
                        [0mcustomSign.form.lookup[0m
                      [36m</button>[39m
                    [36m</li>[39m
                  [36m</ul>[39m
                [36m</div>[39m
              [36m</div>[39m
              [36m<div[39m
                [33mclass[39m=[32m"signPreviewWrapper"[39m
              [36m>[39m
                [36m<div[39m
                  [33mclass[39m=[32m"selectQty"[39m
                [36m>[39m
                  [36m<ul>[39m
                    [36m<li>[39m
                      [36m<div[39m
                        [33mclass[39m=[32m"inputLabelWrap"[39m
                      [36m>[39m
                        [36m<label[39m
                          [33mclass[39m=[32m"label"[39m
                        [36m>[39m
                          [0mcustomSign.form.quantity[0m
                        [36m</label>[39m
                        [36m<div[39m
                          [33mclass[39m=[32m"MuiFormControl-root 
MuiFormControl-fullWidth MuiTextField-root 
css-cmpglg-MuiFormControl-root-MuiTextField-root"[39m
                        [36m>[39m
                          [36m<div[39m
                            [33mclass[39m=[32m"MuiInputBase-root 
MuiOutlinedInput-root MuiInputBase-colorPrimary MuiInputBase-fullWidth 
MuiInputBase-formControl MuiInputBase-sizeSmall 
css-109vf2i-MuiInputBase-root-MuiOutlinedInput-root"[39m
                          [36m>[39m
                            [36m<input[39m
                              [33maria-invalid[39m=[32m"false"[39m
                              [33maria-label[39m=[32m"Print quantity"[39m
                              [33mclass[39m=[32m"MuiInputBase-input 
MuiOutlinedInput-input MuiInputBase-inputSizeSmall 
css-dr49fi-MuiInputBase-input-MuiOutlinedInput-input"[39m
                              [33mid[39m=[32m":rn:"[39m
                              [33mmax[39m=[32m"99"[39m
                              [33mmin[39m=[32m"1"[39m
                              [33mplaceholder[39m=[32m"1"[39m
                              [33mtype[39m=[32m"number"[39m
                              [33mvalue[39m=[32m"1"[39m
                            [36m/>[39m
                            [36m<fieldset[39m
                              [33maria-hidden[39m=[32m"true"[39m
                              
[33mclass[39m=[32m"MuiOutlinedInput-notchedOutline 
css-18p5xg2-MuiNotchedOutlined-root-MuiOutlinedInput-notchedOutline"[39m
                            [36m>[39m
                              [36m<legend[39m
                                
[33mclass[39m=[32m"css-1nf2c5d-MuiNotchedOutlined-root"[39m
                              [36m>[39m
                                [36m<span[39m
                                  [33maria-hidden[39m=[32m"true"[39m
                                  [33mclass[39m=[32m"notranslate"[39m
                                [36m>[39m
                                  [0mΓÇï[0m
                                [36m</span>[39m
                              [36m</legend>[39m
                            [36m</fieldset>[39m
                          [36m</div>[39m
                        [36m</div>[39m
                      [36m</div>[39m
                    [36m</li>[39m
                    [36m<li>[39m
                      [36m<button[39m
                        [33maria-busy[39m=[32m"false"[39m
                        [33mclass[39m=[32m"primaryButton"[39m
                        [33mdisabled[39m=[32m""[39m
                      [36m>[39m
                        [36m<i>[39m
                          [36m<svg[39m
                            [33mfill[39m=[32m"none"[39m
                            [33mheight[39m=[32m"18"[39m
                            [33mviewBox[39m=[32m"0 0 20 18"[39m
                            [33mwidth[39m=[32m"20"[39m
                            
[33mxmlns[39m=[32m"http://www.w3.org/2000/svg"[39m
                          [36m>[39m
                            [36m<path[39m
                              [33md[39m=[32m"M17 5H3C1.34 5 0 6.34 0 
8V14H4V18H16V14H20V8C20 6.34 18.66 5 17 5ZM14 16H6V11H14V16ZM17 9C16.45 9 16 
8.55 16 8C16 7.45 16.45 7 17 7C17.55 7 18 7.45 18 8C18 8.55 17.55 9 17 9ZM16 
0H4V4H16V0Z"[39m
                              [33mfill[39m=[32m"white"[39m
                            [36m/>[39m
                          [36m</svg>[39m
                        [36m</i>[39m
                        [36m<span>[39m
                          [0mcustomSign.actions.print[0m
                        [36m</span>[39m
                      [36m</button>[39m
                    [36m</li>[39m
                  [36m</ul>[39m
                [36m</div>[39m
                [36m<div[39m
                  [33mclass[39m=[32m"templateViewEmpty"[39m
                [36m>[39m
                  [36m<h2>[39m
                    [0mSign preview will be shown here[0m
                  [36m</h2>[39m
                [36m</div>[39m
              [36m</div>[39m
            [36m</div>[39m
          [36m</div>[39m
        [36m</div>[39m
      [36m</div>[39m
    [36m</body>[39m

    [0m [90m 30 |[39m [90m// MUI Select renders as role="combobox" with 
aria-label from inputProps.[39m
     [90m 31 |[39m [36mfunction[39m selectSize() {
    [31m[1m>[22m[39m[90m 32 |[39m   fireEvent[33m.[39mmouseDown(screen
[33m.[39mgetByRole([32m"combobox"[39m[33m,[39m { name[33m:[39m 
[35m/select size/i[39m }))[33m;[39m
     [90m    |[39m                              [31m[1m^[22m[39m
     [90m 33 |[39m   fireEvent[33m.[39mclick(screen[33m.[39mgetByRole([3
2m"option"[39m[33m,[39m { name[33m:[39m [32m"S-Small"[39m }))[33m;[39m
     [90m 34 |[39m }
     [90m 35 |[39m[0m

      at Object.getElementError 
(node_modules/@testing-library/dom/dist/config.js:37:19)
      at node_modules/@testing-library/dom/dist/query-helpers.js:76:38
      at node_modules/@testing-library/dom/dist/query-helpers.js:52:17
      at node_modules/@testing-library/dom/dist/query-helpers.js:95:19
      at getByRole 
(src/features/custom-sign/component/customSign.test.tsx:32:30)
      at Object.selectSize 
(src/features/custom-sign/component/customSign.test.tsx:149:5)

  ΓùÅ CustomSignScreen ΓÇ║ enables the Print button after a successful lookup

    TestingLibraryElementError: Unable to find an accessible element with the 
role "combobox" and name `/select size/i`

    Here are the accessible roles:

      heading:

      Name "customSign.title":
      [36m<h2 />[39m

      Name "Sign preview will be shown here":
      [36m<h2 />[39m

      --------------------------------------------------
      list:

      Name "":
      [36m<ul />[39m

      Name "":
      [36m<ul />[39m

      Name "":
      [36m<ul />[39m

      Name "":
      [36m<ul />[39m

      --------------------------------------------------
      listitem:

      Name "":
      [36m<li />[39m

      Name "":
      [36m<li />[39m

      Name "":
      [36m<li />[39m

      Name "":
      [36m<li />[39m

      Name "":
      [36m<li />[39m

      Name "":
      [36m<li />[39m

      Name "":
      [36m<li />[39m

      Name "":
      [36m<li />[39m

      Name "":
      [36m<li />[39m

      --------------------------------------------------
      textbox:

      Name "Item number or UPC":
      [36m<input[39m
        [33maria-invalid[39m=[32m"false"[39m
        [33maria-label[39m=[32m"Item number or UPC"[39m
        [33mclass[39m=[32m"MuiInputBase-input MuiOutlinedInput-input 
MuiInputBase-inputSizeSmall 
css-dr49fi-MuiInputBase-input-MuiOutlinedInput-input"[39m
        [33mid[39m=[32m":rr:"[39m
        [33mplaceholder[39m=[32m"customSign.form.itemUpcPlaceholder"[39m
        [33mtype[39m=[32m"text"[39m
        [33mvalue[39m=[32m""[39m
      [36m/>[39m

      --------------------------------------------------
      combobox:

      Name "sizes.selectPrompt":
      [36m<div[39m
        [33maria-expanded[39m=[32m"false"[39m
        [33maria-haspopup[39m=[32m"listbox"[39m
        [33maria-label[39m=[32m"sizes.selectPrompt"[39m
        [33mclass[39m=[32m"MuiSelect-select MuiSelect-outlined 
MuiInputBase-input MuiOutlinedInput-input MuiInputBase-inputSizeSmall css-1cvg5
ae-MuiNativeSelect-root-MuiSelect-select-MuiInputBase-input-MuiOutlinedInput-in
put"[39m
        [33mrole[39m=[32m"combobox"[39m
        [33mtabindex[39m=[32m"0"[39m
      [36m/>[39m

      --------------------------------------------------
      button:

      Name "customSign.actions.reset":
      [36m<button[39m
        [33mclass[39m=[32m"primaryButtonOutline"[39m
      [36m/>[39m

      Name "customSign.form.lookup":
      [36m<button[39m
        [33maria-busy[39m=[32m"false"[39m
        [33mclass[39m=[32m"primaryButton"[39m
        [33mdisabled[39m=[32m""[39m
      [36m/>[39m

      Name "customSign.actions.print":
      [36m<button[39m
        [33maria-busy[39m=[32m"false"[39m
        [33mclass[39m=[32m"primaryButton"[39m
        [33mdisabled[39m=[32m""[39m
      [36m/>[39m

      --------------------------------------------------
      spinbutton:

      Name "Print quantity":
      [36m<input[39m
        [33maria-invalid[39m=[32m"false"[39m
        [33maria-label[39m=[32m"Print quantity"[39m
        [33mclass[39m=[32m"MuiInputBase-input MuiOutlinedInput-input 
MuiInputBase-inputSizeSmall 
css-dr49fi-MuiInputBase-input-MuiOutlinedInput-input"[39m
        [33mid[39m=[32m":rt:"[39m
        [33mmax[39m=[32m"99"[39m
        [33mmin[39m=[32m"1"[39m
        [33mplaceholder[39m=[32m"1"[39m
        [33mtype[39m=[32m"number"[39m
        [33mvalue[39m=[32m"1"[39m
      [36m/>[39m

      --------------------------------------------------

    Ignored nodes: comments, script, style
    [36m<body>[39m
      [36m<div>[39m
        [36m<div[39m
          [33mclass[39m=[32m"contentWrap"[39m
        [36m>[39m
          [36m<div[39m
            [33mclass[39m=[32m"topContentBar"[39m
          [36m>[39m
            [36m<div[39m
              [33mclass[39m=[32m"topTitle"[39m
            [36m>[39m
              [36m<h2>[39m
                [0mcustomSign.title[0m
              [36m</h2>[39m
            [36m</div>[39m
            [36m<div[39m
              [33mclass[39m=[32m"actionWrap"[39m
            [36m>[39m
              [36m<ul>[39m
                [36m<li>[39m
                  [36m<i>[39m
                    [36m<svg[39m
                      [33mfill[39m=[32m"none"[39m
                      [33mheight[39m=[32m"2"[39m
                      [33mviewBox[39m=[32m"0 0 16 2"[39m
                      [33mwidth[39m=[32m"16"[39m
                      [33mxmlns[39m=[32m"http://www.w3.org/2000/svg"[39m
                    [36m>[39m
                      [36m<path[39m
                        [33md[39m=[32m"M16 0H0V2H16V0Z"[39m
                        [33mfill[39m=[32m"#79747E"[39m
                      [36m/>[39m
                    [36m</svg>[39m
                  [36m</i>[39m
                [36m</li>[39m
                [36m<li>[39m
                  [36m<i>[39m
                    [36m<svg[39m
                      [33mfill[39m=[32m"none"[39m
                      [33mheight[39m=[32m"15"[39m
                      [33mviewBox[39m=[32m"0 0 15 15"[39m
                      [33mwidth[39m=[32m"15"[39m
                      [33mxmlns[39m=[32m"http://www.w3.org/2000/svg"[39m
                    [36m>[39m
                      [36m<path[39m
                        [33md[39m=[32m"M15 6.66667V0H8.33333L11.075 
2.74167L2.74167 11.075L0 8.33333V15H6.66667L3.925 12.2583L12.2583 3.925L15 
6.66667Z"[39m
                        [33mfill[39m=[32m"#79747E"[39m
                      [36m/>[39m
                    [36m</svg>[39m
                  [36m</i>[39m
                [36m</li>[39m
                [36m<li>[39m
                  [36m<i>[39m
                    [36m<svg[39m
                      [33mfill[39m=[32m"none"[39m
                      [33mheight[39m=[32m"14"[39m
                      [33mviewBox[39m=[32m"0 0 14 14"[39m
                      [33mwidth[39m=[32m"14"[39m
                      [33mxmlns[39m=[32m"http://www.w3.org/2000/svg"[39m
                    [36m>[39m
                      [36m<path[39m
                        [33md[39m=[32m"M14 1.41L12.59 0L7 5.59L1.41 0L0 
1.41L5.59 7L0 12.59L1.41 14L7 8.41L12.59 14L14 12.59L8.41 7L14 1.41Z"[39m
                        [33mfill[39m=[32m"#79747E"[39m
                      [36m/>[39m
                    [36m</svg>[39m
                  [36m</i>[39m
                [36m</li>[39m
              [36m</ul>[39m
            [36m</div>[39m
          [36m</div>[39m
          [36m<div[39m
            [33mclass[39m=[32m"section"[39m
          [36m>[39m
            [36m<div[39m
              [33mclass[39m=[32m"gridWrap"[39m
            [36m>[39m
              [36m<div[39m
                [33mclass[39m=[32m"signDetails"[39m
              [36m>[39m
                [36m<div[39m
                  [33mclass[39m=[32m"selectSignDetails"[39m
                [36m>[39m
                  [36m<ul>[39m
                    [36m<li>[39m
                      [36m<div[39m
                        [33mclass[39m=[32m"inputLabelWrap"[39m
                      [36m>[39m
                        [36m<label[39m
                          [33mclass[39m=[32m"label"[39m
                        [36m>[39m
                          [0mcustomSign.form.itemUpc[0m
                          [36m<span[39m
                            [33mclass[39m=[32m"mandatoryStar"[39m
                          [36m>[39m
                            [0m*[0m
                          [36m</span>[39m
                        [36m</label>[39m
                        [36m<div[39m
                          [33mclass[39m=[32m"MuiFormControl-root 
MuiFormControl-fullWidth MuiTextField-root 
css-cmpglg-MuiFormControl-root-MuiTextField-root"[39m
                        [36m>[39m
                          [36m<div[39m
                            [33mclass[39m=[32m"MuiInputBase-root 
MuiOutlinedInput-root MuiInputBase-colorPrimary MuiInputBase-fullWidth 
MuiInputBase-formControl MuiInputBase-sizeSmall 
css-109vf2i-MuiInputBase-root-MuiOutlinedInput-root"[39m
                          [36m>[39m
                            [36m<input[39m
                              [33maria-invalid[39m=[32m"false"[39m
                              [33maria-label[39m=[32m"Item number or 
UPC"[39m
                              [33mclass[39m=[32m"MuiInputBase-input 
MuiOutlinedInput-input MuiInputBase-inputSizeSmall 
css-dr49fi-MuiInputBase-input-MuiOutlinedInput-input"[39m
                              [33mid[39m=[32m":rr:"[39m
                              
[33mplaceholder[39m=[32m"customSign.form.itemUpcPlaceholder"[39m
                              [33mtype[39m=[32m"text"[39m
                              [33mvalue[39m=[32m""[39m
                            [36m/>[39m
                            [36m<fieldset[39m
                              [33maria-hidden[39m=[32m"true"[39m
                              
[33mclass[39m=[32m"MuiOutlinedInput-notchedOutline 
css-18p5xg2-MuiNotchedOutlined-root-MuiOutlinedInput-notchedOutline"[39m
                            [36m>[39m
                              [36m<legend[39m
                                
[33mclass[39m=[32m"css-1nf2c5d-MuiNotchedOutlined-root"[39m
                              [36m>[39m
                                [36m<span[39m
                                  [33maria-hidden[39m=[32m"true"[39m
                                  [33mclass[39m=[32m"notranslate"[39m
                                [36m>[39m
                                  [0mΓÇï[0m
                                [36m</span>[39m
                              [36m</legend>[39m
                            [36m</fieldset>[39m
                          [36m</div>[39m
                        [36m</div>[39m
                      [36m</div>[39m
                    [36m</li>[39m
                    [36m<li>[39m
                      [36m<div[39m
                        [33mclass[39m=[32m"inputLabelWrap"[39m
                      [36m>[39m
                        [36m<label[39m
                          [33mclass[39m=[32m"label"[39m
                        [36m>[39m
                          [0mcustomSign.form.size[0m
                          [36m<span[39m
                            [33mclass[39m=[32m"mandatoryStar"[39m
                          [36m>[39m
                            [0m*[0m
                          [36m</span>[39m
                        [36m</label>[39m
                        [36m<div[39m
                          [33mclass[39m=[32m"MuiFormControl-root 
MuiFormControl-fullWidth css-ytlejw-MuiFormControl-root"[39m
                        [36m>[39m
                          [36m<div[39m
                            [33mclass[39m=[32m"MuiInputBase-root 
MuiOutlinedInput-root MuiInputBase-colorPrimary MuiInputBase-formControl 
MuiInputBase-sizeSmall MuiSelect-root 
css-1jgjaug-MuiInputBase-root-MuiOutlinedInput-root-MuiSelect-root"[39m
                          [36m>[39m
                            [36m<div[39m
                              [33maria-expanded[39m=[32m"false"[39m
                              [33maria-haspopup[39m=[32m"listbox"[39m
                              
[33maria-label[39m=[32m"sizes.selectPrompt"[39m
                              [33mclass[39m=[32m"MuiSelect-select 
MuiSelect-outlined MuiInputBase-input MuiOutlinedInput-input 
MuiInputBase-inputSizeSmall css-1cvg5ae-MuiNativeSelect-root-MuiSelect-select-M
uiInputBase-input-MuiOutlinedInput-input"[39m
                              [33mrole[39m=[32m"combobox"[39m
                              [33mtabindex[39m=[32m"0"[39m
                            [36m>[39m
                              [0msizes.selectPrompt[0m
                            [36m</div>[39m
                            [36m<input[39m
                              [33maria-hidden[39m=[32m"true"[39m
                              [33maria-invalid[39m=[32m"false"[39m
                              [33mclass[39m=[32m"MuiSelect-nativeInput 
css-j0riat-MuiSelect-nativeInput"[39m
                              [33mtabindex[39m=[32m"-1"[39m
                              [33mvalue[39m=[32m""[39m
                            [36m/>[39m
                            [36m<svg[39m
                              [33maria-hidden[39m=[32m"true"[39m
                              [33mclass[39m=[32m"MuiSvgIcon-root 
MuiSvgIcon-fontSizeMedium MuiSelect-icon MuiSelect-iconOutlined 
css-s6rmb9-MuiSvgIcon-root-MuiNativeSelect-root-MuiSelect-icon"[39m
                              
[33mdata-testid[39m=[32m"ArrowDropDownIcon"[39m
                              [33mfocusable[39m=[32m"false"[39m
                              [33mviewBox[39m=[32m"0 0 24 24"[39m
                            [36m>[39m
                              [36m<path[39m
                                [33md[39m=[32m"M7 10l5 5 5-5z"[39m
                              [36m/>[39m
                            [36m</svg>[39m
                            [36m<fieldset[39m
                              [33maria-hidden[39m=[32m"true"[39m
                              
[33mclass[39m=[32m"MuiOutlinedInput-notchedOutline 
css-18p5xg2-MuiNotchedOutlined-root-MuiOutlinedInput-notchedOutline"[39m
                            [36m>[39m
                              [36m<legend[39m
                                
[33mclass[39m=[32m"css-1nf2c5d-MuiNotchedOutlined-root"[39m
                              [36m>[39m
                                [36m<span[39m
                                  [33maria-hidden[39m=[32m"true"[39m
                                  [33mclass[39m=[32m"notranslate"[39m
                                [36m>[39m
                                  [0mΓÇï[0m
                                [36m</span>[39m
                              [36m</legend>[39m
                            [36m</fieldset>[39m
                          [36m</div>[39m
                        [36m</div>[39m
                      [36m</div>[39m
                    [36m</li>[39m
                  [36m</ul>[39m
                [36m</div>[39m
                [36m<div[39m
                  [33mclass[39m=[32m"buttonsWrap"[39m
                [36m>[39m
                  [36m<ul>[39m
                    [36m<li>[39m
                      [36m<button[39m
                        [33mclass[39m=[32m"primaryButtonOutline"[39m
                      [36m>[39m
                        [0mcustomSign.actions.reset[0m
                      [36m</button>[39m
                    [36m</li>[39m
                    [36m<li>[39m
                      [36m<button[39m
                        [33maria-busy[39m=[32m"false"[39m
                        [33mclass[39m=[32m"primaryButton"[39m
                        [33mdisabled[39m=[32m""[39m
                      [36m>[39m
                        [0mcustomSign.form.lookup[0m
                      [36m</button>[39m
                    [36m</li>[39m
                  [36m</ul>[39m
                [36m</div>[39m
              [36m</div>[39m
              [36m<div[39m
                [33mclass[39m=[32m"signPreviewWrapper"[39m
              [36m>[39m
                [36m<div[39m
                  [33mclass[39m=[32m"selectQty"[39m
                [36m>[39m
                  [36m<ul>[39m
                    [36m<li>[39m
                      [36m<div[39m
                        [33mclass[39m=[32m"inputLabelWrap"[39m
                      [36m>[39m
                        [36m<label[39m
                          [33mclass[39m=[32m"label"[39m
                        [36m>[39m
                          [0mcustomSign.form.quantity[0m
                        [36m</label>[39m
                        [36m<div[39m
                          [33mclass[39m=[32m"MuiFormControl-root 
MuiFormControl-fullWidth MuiTextField-root 
css-cmpglg-MuiFormControl-root-MuiTextField-root"[39m
                        [36m>[39m
                          [36m<div[39m
                            [33mclass[39m=[32m"MuiInputBase-root 
MuiOutlinedInput-root MuiInputBase-colorPrimary MuiInputBase-fullWidth 
MuiInputBase-formControl MuiInputBase-sizeSmall 
css-109vf2i-MuiInputBase-root-MuiOutlinedInput-root"[39m
                          [36m>[39m
                            [36m<input[39m
                              [33maria-invalid[39m=[32m"false"[39m
                              [33maria-label[39m=[32m"Print quantity"[39m
                              [33mclass[39m=[32m"MuiInputBase-input 
MuiOutlinedInput-input MuiInputBase-inputSizeSmall 
css-dr49fi-MuiInputBase-input-MuiOutlinedInput-input"[39m
                              [33mid[39m=[32m":rt:"[39m
                              [33mmax[39m=[32m"99"[39m
                              [33mmin[39m=[32m"1"[39m
                              [33mplaceholder[39m=[32m"1"[39m
                              [33mtype[39m=[32m"number"[39m
                              [33mvalue[39m=[32m"1"[39m
                            [36m/>[39m
                            [36m<fieldset[39m
                              [33maria-hidden[39m=[32m"true"[39m
                              
[33mclass[39m=[32m"MuiOutlinedInput-notchedOutline 
css-18p5xg2-MuiNotchedOutlined-root-MuiOutlinedInput-notchedOutline"[39m
                            [36m>[39m
                              [36m<legend[39m
                                
[33mclass[39m=[32m"css-1nf2c5d-MuiNotchedOutlined-root"[39m
                              [36m>[39m
                                [36m<span[39m
                                  [33maria-hidden[39m=[32m"true"[39m
                                  [33mclass[39m=[32m"notranslate"[39m
                                [36m>[39m
                                  [0mΓÇï[0m
                                [36m</span>[39m
                              [36m</legend>[39m
                            [36m</fieldset>[39m
                          [36m</div>[39m
                        [36m</div>[39m
                      [36m</div>[39m
                    [36m</li>[39m
                    [36m<li>[39m
                      [36m<button[39m
                        [33maria-busy[39m=[32m"false"[39m
                        [33mclass[39m=[32m"primaryButton"[39m
                        [33mdisabled[39m=[32m""[39m
                      [36m>[39m
                        [36m<i>[39m
                          [36m<svg[39m
                            [33mfill[39m=[32m"none"[39m
                            [33mheight[39m=[32m"18"[39m
                            [33mviewBox[39m=[32m"0 0 20 18"[39m
                            [33mwidth[39m=[32m"20"[39m
                            
[33mxmlns[39m=[32m"http://www.w3.org/2000/svg"[39m
                          [36m>[39m
                            [36m<path[39m
                              [33md[39m=[32m"M17 5H3C1.34 5 0 6.34 0 
8V14H4V18H16V14H20V8C20 6.34 18.66 5 17 5ZM14 16H6V11H14V16ZM17 9C16.45 9 16 
8.55 16 8C16 7.45 16.45 7 17 7C17.55 7 18 7.45 18 8C18 8.55 17.55 9 17 9ZM16 
0H4V4H16V0Z"[39m
                              [33mfill[39m=[32m"white"[39m
                            [36m/>[39m
                          [36m</svg>[39m
                        [36m</i>[39m
                        [36m<span>[39m
                          [0mcustomSign.actions.print[0m
                        [36m</span>[39m
                      [36m</button>[39m
                    [36m</li>[39m
                  [36m</ul>[39m
                [36m</div>[39m
                [36m<div[39m
                  [33mclass[39m=[32m"templateViewEmpty"[39m
                [36m>[39m
                  [36m<h2>[39m
                    [0mSign preview will be shown here[0m
                  [36m</h2>[39m
                [36m</div>[39m
              [36m</div>[39m
            [36m</div>[39m
          [36m</div>[39m
        [36m</div>[39m
      [36m</div>[39m
    [36m</body>[39m

    [0m [90m 30 |[39m [90m// MUI Select renders as role="combobox" with 
aria-label from inputProps.[39m
     [90m 31 |[39m [36mfunction[39m selectSize() {
    [31m[1m>[22m[39m[90m 32 |[39m   fireEvent[33m.[39mmouseDown(screen
[33m.[39mgetByRole([32m"combobox"[39m[33m,[39m { name[33m:[39m 
[35m/select size/i[39m }))[33m;[39m
     [90m    |[39m                              [31m[1m^[22m[39m
     [90m 33 |[39m   fireEvent[33m.[39mclick(screen[33m.[39mgetByRole([3
2m"option"[39m[33m,[39m { name[33m:[39m [32m"S-Small"[39m }))[33m;[39m
     [90m 34 |[39m }
     [90m 35 |[39m[0m

      at Object.getElementError 
(node_modules/@testing-library/dom/dist/config.js:37:19)
      at node_modules/@testing-library/dom/dist/query-helpers.js:76:38
      at node_modules/@testing-library/dom/dist/query-helpers.js:52:17
      at node_modules/@testing-library/dom/dist/query-helpers.js:95:19
      at getByRole 
(src/features/custom-sign/component/customSign.test.tsx:32:30)
      at Object.selectSize 
(src/features/custom-sign/component/customSign.test.tsx:180:5)

(node:40052) Warning: Setting the NODE_TLS_REJECT_UNAUTHORIZED environment 
variable to '0' makes TLS connections and HTTPS requests insecure by disabling 
certificate verification.
(Use `node --trace-warnings ...` to show where the warning was created)
PASS src/features/worklist/component/worklist.test.tsx (9.229 s)
  ΓùÅ Console

    console.warn
      react-i18next:: useTranslation: You will need to pass in an i18next 
instance by using initReactI18next { code: 'NO_I18NEXT_INSTANCE' }

    [0m [90m 30 |[39m [90m */[39m
     [90m 31 |[39m [36mfunction[39m [33mErrorMessage[39m({ 
message[33m,[39m title }[33m:[39m [33mErrorMessageProps[39m)[33m:[39m 
[33mJSX[39m[33m.[39m[33mElement[39m [33m|[39m [36mnull[39m {
    [31m[1m>[22m[39m[90m 32 |[39m   [36mconst[39m { t } [33m=[39m 
useTranslation([32m"common"[39m)[33m;[39m
     [90m    |[39m                               [31m[1m^[22m[39m
     [90m 33 |[39m
     [90m 34 |[39m   [36mif[39m ([33m![39mmessage) [36mreturn[39m 
[36mnull[39m[33m;[39m
     [90m 35 |[39m[0m

      at warn (node_modules/react-i18next/dist/commonjs/utils.js:19:13)
      at warnOnce (node_modules/react-i18next/dist/commonjs/utils.js:27:3)
      at useTranslation 
(node_modules/react-i18next/dist/commonjs/useTranslation.js:37:25)
      at ErrorMessage (src/shared/common/ErrorMessage.tsx:32:31)
      at renderWithHooks 
(node_modules/react-dom/cjs/react-dom.development.js:15486:18)
      at mountIndeterminateComponent 
(node_modules/react-dom/cjs/react-dom.development.js:20103:13)
      at beginWork 
(node_modules/react-dom/cjs/react-dom.development.js:21626:16)
      at beginWork$1 
(node_modules/react-dom/cjs/react-dom.development.js:27465:14)
      at performUnitOfWork 
(node_modules/react-dom/cjs/react-dom.development.js:26599:12)
      at workLoopSync 
(node_modules/react-dom/cjs/react-dom.development.js:26505:5)
      at renderRootSync 
(node_modules/react-dom/cjs/react-dom.development.js:26473:7)
      at performConcurrentWorkOnRoot 
(node_modules/react-dom/cjs/react-dom.development.js:25777:74)
      at flushActQueue (node_modules/react/cjs/react.development.js:2667:24)
      at act (node_modules/react/cjs/react.development.js:2582:11)
      at node_modules/@testing-library/react/dist/act-compat.js:46:25
      at renderRoot (node_modules/@testing-library/react/dist/pure.js:189:26)
      at render (node_modules/@testing-library/react/dist/pure.js:291:10)
      at renderWithProvider 
(src/features/worklist/component/worklist.test.tsx:10:16)
      at Object.renderWithProvider 
(src/features/worklist/component/worklist.test.tsx:153:5)

A worker process has failed to exit gracefully and has been force exited. This 
is likely caused by tests leaking due to improper teardown. Try running with 
--detectOpenHandles to find leaks. Active timers can also cause this, ensure 
that .unref() was called on them.

Test Suites: 4 failed, 2 passed, 6 total
Tests:       9 failed, 22 passed, 31 total
Snapshots:   0 total
Time:        17.663 s
Ran all test suites.
